Traceback (most recent call last):
  File "/gpfs/scratch/an4462/at6646/ne-time-v2/dataset.py", line 84, in download_dataset
    urllib.request.urlretrieve(url, local_path)
  File "/gpfs/scratch/an4462/at6646/conda_envs/hypertime/lib/python3.10/urllib/request.py", line 241, in urlretrieve
    with contextlib.closing(urlopen(url, data)) as fp:
  File "/gpfs/scratch/an4462/at6646/conda_envs/hypertime/lib/python3.10/urllib/request.py", line 216, in urlopen
    return opener.open(url, data, timeout)
  File "/gpfs/scratch/an4462/at6646/conda_envs/hypertime/lib/python3.10/urllib/request.py", line 525, in open
    response = meth(req, response)
  File "/gpfs/scratch/an4462/at6646/conda_envs/hypertime/lib/python3.10/urllib/request.py", line 634, in http_response
    response = self.parent.error(
  File "/gpfs/scratch/an4462/at6646/conda_envs/hypertime/lib/python3.10/urllib/request.py", line 563, in error
    return self._call_chain(*args)
  File "/gpfs/scratch/an4462/at6646/conda_envs/hypertime/lib/python3.10/urllib/request.py", line 496, in _call_chain
    result = func(*args)
  File "/gpfs/scratch/an4462/at6646/conda_envs/hypertime/lib/python3.10/urllib/request.py", line 643, in http_error_default
    raise HTTPError(req.full_url, code, msg, hdrs, fp)
urllib.error.HTTPError: HTTP Error 404: Not Found

The above exception was the direct cause of the following exception:

Traceback (most recent call last):
  File "/gpfs/scratch/an4462/at6646/ne-time-v2/train.py", line 523, in <module>
    main()
  File "/gpfs/scratch/an4462/at6646/ne-time-v2/train.py", line 495, in main
    download_dataset(args.dataset, args.data_path)
  File "/gpfs/scratch/an4462/at6646/ne-time-v2/dataset.py", line 90, in download_dataset
    raise RuntimeError(f"Failed to download {name}: {e}") from e
RuntimeError: Failed to download Weather: HTTP Error 404: Not Found
