================================================
Job ID:           23476761
Node:             a100-4002
Project dir:      /gpfs/scratch/an4462/at6646/ne-time-v2
Dataset:          ETTh2
Model size:       medium
Mode:             per-horizon+CI (SOTA comparison)
Seq len:          336
Batch size:       32
LR:               1e-3
Patience:         15
Exp name:         netime_ETTh2_medium_perH_CI
--- overfitting fixes ---
geo_dropout:      0.2
hyp_hidden_scale: 1.0
curvature_wd:     1e-3
Start time:       Mon Jun  1 12:20:32 EDT 2026
================================================
NVIDIA A100 80GB PCIe, 81920 MiB

Python:     3.10.20
PyTorch:    2.2.0+cu121
CUDA:       True
GPU:        NVIDIA A100 80GB PCIe
VRAM:       85.1 GB

Starting training (per-horizon+CI (SOTA comparison))...
Downloading ETTh2 from https://raw.githubusercontent.com/zhouhaoyi/ETDataset/main/ETT-small/ETTh2.csv ...
Saved to /gpfs/scratch/an4462/at6646/ne-time-v2/data/ETTh2.csv
Input dim: 7

Mode: per-horizon + CI (SOTA benchmark comparison)

=======================================================
Per-horizon training: H=96
=======================================================
Loaded ETTh2: shape=(17420, 7)
Train: 11763 samples (367 batches)
Val:   1311 samples (41 batches)
Test:  3053 samples (96 batches)

Device: cuda
Total parameters: 254,362
  revin                       2
  patch_embed             7,680
  decomposer                  0
  curvatures                  4
  hyp_encoders          125,379
  horizon_enc            25,539
  hyp_decoder            24,961
  temporal_proj          53,904
  out_proj               16,897

Param groups:
  decay         250,368  (wd=0.0001)
  no_decay        3,990  (wd=0)
  curvature           4  (wd=0.001, lr×0.1)

=======================================================
Training: netime_ETTh2_medium_perH_CI_CI_H96
=======================================================
  [1:50/367]  loss=0.27881  grad=0.054  lr=2.72e-05
  [1:100/367]  loss=0.28669  grad=0.263  lr=5.45e-05
  [1:150/367]  loss=0.30218  grad=0.297  lr=8.17e-05
  [1:200/367]  loss=0.36430  grad=0.887  lr=1.09e-04
  [1:250/367]  loss=0.23368  grad=0.611  lr=1.36e-04
  [1:300/367]  loss=0.45318  grad=0.500  lr=1.63e-04
  [1:350/367]  loss=0.37055  grad=0.856  lr=1.91e-04
Epoch 1 — train loss: 0.35719  (6.1s)
Epoch 1 — val   loss: 0.31470
  ✓ Saved checkpoint (val_loss=0.31470)
  [2:50/367]  loss=0.51540  grad=0.971  lr=2.27e-04
  [2:100/367]  loss=0.15760  grad=0.433  lr=2.54e-04
  [2:150/367]  loss=0.36003  grad=1.042  lr=2.82e-04
  [2:200/367]  loss=0.32057  grad=0.610  lr=3.09e-04
  [2:250/367]  loss=0.25375  grad=0.381  lr=3.36e-04
  [2:300/367]  loss=0.37491  grad=0.848  lr=3.63e-04
  [2:350/367]  loss=0.27305  grad=0.377  lr=3.91e-04
Epoch 2 — train loss: 0.30437  (5.1s)
Epoch 2 — val   loss: 0.30999
  ✓ Saved checkpoint (val_loss=0.30999)
  [3:50/367]  loss=0.25829  grad=0.644  lr=4.27e-04
  [3:100/367]  loss=0.22648  grad=0.947  lr=4.54e-04
  [3:150/367]  loss=0.19587  grad=0.566  lr=4.82e-04
  [3:200/367]  loss=0.29295  grad=0.299  lr=5.09e-04
  [3:250/367]  loss=0.23809  grad=0.398  lr=5.36e-04
  [3:300/367]  loss=0.24074  grad=0.562  lr=5.63e-04
  [3:350/367]  loss=0.29212  grad=0.524  lr=5.91e-04
Epoch 3 — train loss: 0.29575  (5.1s)
Epoch 3 — val   loss: 0.31567
  [4:50/367]  loss=0.42280  grad=0.470  lr=6.27e-04
  [4:100/367]  loss=0.23505  grad=0.979  lr=6.54e-04
  [4:150/367]  loss=0.36004  grad=1.465  lr=6.82e-04
  [4:200/367]  loss=0.25137  grad=0.578  lr=7.09e-04
  [4:250/367]  loss=0.31487  grad=0.623  lr=7.36e-04
  [4:300/367]  loss=0.20445  grad=0.370  lr=7.63e-04
  [4:350/367]  loss=0.19371  grad=0.402  lr=7.91e-04
Epoch 4 — train loss: 0.28641  (5.1s)
Epoch 4 — val   loss: 0.33382
  [5:50/367]  loss=0.34866  grad=0.861  lr=8.27e-04
  [5:100/367]  loss=0.36971  grad=1.799  lr=8.54e-04
  [5:150/367]  loss=0.20425  grad=0.647  lr=8.82e-04
  [5:200/367]  loss=0.31307  grad=0.854  lr=9.09e-04
  [5:250/367]  loss=0.28796  grad=0.761  lr=9.36e-04
  [5:300/367]  loss=0.24289  grad=0.369  lr=9.63e-04
  [5:350/367]  loss=0.33959  grad=0.369  lr=9.91e-04
Epoch 5 — train loss: 0.27915  (5.1s)
Epoch 5 — val   loss: 0.33949
  [6:50/367]  loss=0.33799  grad=0.463  lr=1.00e-03
  [6:100/367]  loss=0.20911  grad=0.254  lr=1.00e-03
  [6:150/367]  loss=0.22597  grad=0.881  lr=1.00e-03
  [6:200/367]  loss=0.23581  grad=0.281  lr=1.00e-03
  [6:250/367]  loss=0.25677  grad=0.319  lr=9.99e-04
  [6:300/367]  loss=0.20773  grad=0.708  lr=9.99e-04
  [6:350/367]  loss=0.21157  grad=0.225  lr=9.99e-04
Epoch 6 — train loss: 0.27055  (5.2s)
Epoch 6 — val   loss: 0.32837
  [7:50/367]  loss=0.33660  grad=0.691  lr=9.98e-04
  [7:100/367]  loss=0.43967  grad=0.956  lr=9.98e-04
  [7:150/367]  loss=0.22713  grad=0.835  lr=9.98e-04
  [7:200/367]  loss=0.29930  grad=0.578  lr=9.97e-04
  [7:250/367]  loss=0.35125  grad=1.117  lr=9.97e-04
  [7:300/367]  loss=0.24886  grad=0.632  lr=9.96e-04
  [7:350/367]  loss=0.25799  grad=0.685  lr=9.95e-04
Epoch 7 — train loss: 0.26320  (5.1s)
Epoch 7 — val   loss: 0.33232
  [8:50/367]  loss=0.19862  grad=0.791  lr=9.94e-04
  [8:100/367]  loss=0.22508  grad=0.466  lr=9.94e-04
  [8:150/367]  loss=0.24294  grad=0.623  lr=9.93e-04
  [8:200/367]  loss=0.21148  grad=0.278  lr=9.92e-04
  [8:250/367]  loss=0.23161  grad=0.518  lr=9.91e-04
  [8:300/367]  loss=0.15915  grad=0.296  lr=9.90e-04
  [8:350/367]  loss=0.21465  grad=0.593  lr=9.89e-04
Epoch 8 — train loss: 0.25773  (5.1s)
Epoch 8 — val   loss: 0.32469
  [9:50/367]  loss=0.23394  grad=0.337  lr=9.88e-04
  [9:100/367]  loss=0.25488  grad=0.489  lr=9.87e-04
  [9:150/367]  loss=0.24373  grad=0.910  lr=9.86e-04
  [9:200/367]  loss=0.20327  grad=0.228  lr=9.85e-04
  [9:250/367]  loss=0.22564  grad=0.412  lr=9.84e-04
  [9:300/367]  loss=0.19566  grad=0.323  lr=9.82e-04
  [9:350/367]  loss=0.24169  grad=0.230  lr=9.81e-04
Epoch 9 — train loss: 0.25337  (5.1s)
Epoch 9 — val   loss: 0.35970
  [10:50/367]  loss=0.20319  grad=0.391  lr=9.79e-04
  [10:100/367]  loss=0.20695  grad=0.450  lr=9.78e-04
  [10:150/367]  loss=0.20109  grad=0.362  lr=9.77e-04
  [10:200/367]  loss=0.35357  grad=0.586  lr=9.75e-04
  [10:250/367]  loss=0.22800  grad=0.479  lr=9.74e-04
  [10:300/367]  loss=0.23447  grad=0.222  lr=9.72e-04
  [10:350/367]  loss=0.45882  grad=0.962  lr=9.70e-04
Epoch 10 — train loss: 0.24597  (5.1s)
Epoch 10 — val   loss: 0.33354
  [11:50/367]  loss=0.32278  grad=0.287  lr=9.68e-04
  [11:100/367]  loss=0.30264  grad=0.414  lr=9.67e-04
  [11:150/367]  loss=0.34517  grad=0.284  lr=9.65e-04
  [11:200/367]  loss=0.20722  grad=0.461  lr=9.63e-04
  [11:250/367]  loss=0.19434  grad=0.303  lr=9.61e-04
  [11:300/367]  loss=0.25743  grad=0.487  lr=9.59e-04
  [11:350/367]  loss=0.31655  grad=0.323  lr=9.57e-04
Epoch 11 — train loss: 0.24182  (5.1s)
Epoch 11 — val   loss: 0.33833
  [12:50/367]  loss=0.23815  grad=0.264  lr=9.55e-04
  [12:100/367]  loss=0.21248  grad=1.546  lr=9.53e-04
  [12:150/367]  loss=0.21437  grad=0.496  lr=9.51e-04
  [12:200/367]  loss=0.17019  grad=0.465  lr=9.49e-04
  [12:250/367]  loss=0.22418  grad=0.337  lr=9.47e-04
  [12:300/367]  loss=0.18657  grad=0.449  lr=9.44e-04
  [12:350/367]  loss=0.19880  grad=0.561  lr=9.42e-04
Epoch 12 — train loss: 0.23518  (5.1s)
Epoch 12 — val   loss: 0.35413
  [13:50/367]  loss=0.19049  grad=0.531  lr=9.39e-04
  [13:100/367]  loss=0.21142  grad=0.628  lr=9.37e-04
  [13:150/367]  loss=0.16111  grad=0.365  lr=9.35e-04
  [13:200/367]  loss=0.29023  grad=0.610  lr=9.32e-04
  [13:250/367]  loss=0.16513  grad=0.185  lr=9.30e-04
  [13:300/367]  loss=0.21128  grad=0.191  lr=9.27e-04
  [13:350/367]  loss=0.21234  grad=0.406  lr=9.25e-04
Epoch 13 — train loss: 0.22917  (5.1s)
Epoch 13 — val   loss: 0.34371
  [14:50/367]  loss=0.20534  grad=0.681  lr=9.21e-04
  [14:100/367]  loss=0.18940  grad=0.496  lr=9.19e-04
  [14:150/367]  loss=0.23620  grad=0.753  lr=9.16e-04
  [14:200/367]  loss=0.19680  grad=0.354  lr=9.14e-04
  [14:250/367]  loss=0.24010  grad=0.639  lr=9.11e-04
  [14:300/367]  loss=0.19798  grad=0.347  lr=9.08e-04
  [14:350/367]  loss=0.22719  grad=0.233  lr=9.05e-04
Epoch 14 — train loss: 0.22234  (5.1s)
Epoch 14 — val   loss: 0.35622
  [15:50/367]  loss=0.25074  grad=0.588  lr=9.02e-04
  [15:100/367]  loss=0.20729  grad=0.184  lr=8.99e-04
  [15:150/367]  loss=0.16267  grad=0.169  lr=8.96e-04
  [15:200/367]  loss=0.25601  grad=0.328  lr=8.93e-04
  [15:250/367]  loss=0.20018  grad=0.292  lr=8.90e-04
  [15:300/367]  loss=0.23649  grad=0.843  lr=8.87e-04
  [15:350/367]  loss=0.23129  grad=0.495  lr=8.84e-04
Epoch 15 — train loss: 0.21617  (5.1s)
Epoch 15 — val   loss: 0.35480
  [16:50/367]  loss=0.23062  grad=0.907  lr=8.80e-04
  [16:100/367]  loss=0.25674  grad=0.603  lr=8.77e-04
  [16:150/367]  loss=0.17674  grad=0.396  lr=8.74e-04
  [16:200/367]  loss=0.25524  grad=0.646  lr=8.71e-04
  [16:250/367]  loss=0.16318  grad=0.269  lr=8.67e-04
  [16:300/367]  loss=0.25767  grad=0.609  lr=8.64e-04
  [16:350/367]  loss=0.15228  grad=0.191  lr=8.61e-04
Epoch 16 — train loss: 0.21147  (5.1s)
Epoch 16 — val   loss: 0.34488
  [17:50/367]  loss=0.17612  grad=0.377  lr=8.56e-04
  [17:100/367]  loss=0.19278  grad=0.272  lr=8.53e-04
  [17:150/367]  loss=0.36012  grad=0.482  lr=8.50e-04
  [17:200/367]  loss=0.15663  grad=0.341  lr=8.46e-04
  [17:250/367]  loss=0.16545  grad=0.254  lr=8.43e-04
  [17:300/367]  loss=0.19679  grad=0.165  lr=8.39e-04
  [17:350/367]  loss=0.33898  grad=0.573  lr=8.36e-04
Epoch 17 — train loss: 0.20444  (5.1s)
Epoch 17 — val   loss: 0.34153
Early stopping at epoch 17

=======================================================
Loading best checkpoint for testing...
Best checkpoint: epoch=2, val_loss=0.30999

Test results:
  H=  96  MSE=0.14819  MAE=0.27583  RMSE=0.38495

Results saved to /gpfs/scratch/an4462/at6646/ne-time-v2/outputs/netime_ETTh2_medium_perH_CI_CI_H96_results.json
  H=  96  MSE=0.14819  MAE=0.27583

=======================================================
Per-horizon training: H=192
=======================================================
Loaded ETTh2: shape=(17420, 7)
Train: 11667 samples (364 batches)
Val:   1215 samples (38 batches)
Test:  2957 samples (93 batches)

Device: cuda
Total parameters: 254,362
  revin                       2
  patch_embed             7,680
  decomposer                  0
  curvatures                  4
  hyp_encoders          125,379
  horizon_enc            25,539
  hyp_decoder            24,961
  temporal_proj          53,904
  out_proj               16,897

Param groups:
  decay         250,368  (wd=0.0001)
  no_decay        3,990  (wd=0)
  curvature           4  (wd=0.001, lr×0.1)

=======================================================
Training: netime_ETTh2_medium_perH_CI_CI_H192
=======================================================
  [1:50/364]  loss=0.79233  grad=0.100  lr=2.75e-05
  [1:100/364]  loss=0.42762  grad=0.241  lr=5.49e-05
  [1:150/364]  loss=0.43116  grad=0.988  lr=8.24e-05
  [1:200/364]  loss=0.27909  grad=0.309  lr=1.10e-04
  [1:250/364]  loss=0.50577  grad=1.249  lr=1.37e-04
  [1:300/364]  loss=0.34472  grad=0.405  lr=1.65e-04
  [1:350/364]  loss=0.49066  grad=0.618  lr=1.92e-04
Epoch 1 — train loss: 0.41513  (5.3s)
Epoch 1 — val   loss: 0.37065
  ✓ Saved checkpoint (val_loss=0.37065)
  [2:50/364]  loss=0.56571  grad=1.242  lr=2.27e-04
  [2:100/364]  loss=0.33430  grad=1.005  lr=2.55e-04
  [2:150/364]  loss=0.43873  grad=0.851  lr=2.82e-04
  [2:200/364]  loss=0.47485  grad=0.512  lr=3.10e-04
  [2:250/364]  loss=0.26789  grad=0.347  lr=3.37e-04
  [2:300/364]  loss=0.31992  grad=0.766  lr=3.65e-04
  [2:350/364]  loss=0.43228  grad=0.728  lr=3.92e-04
Epoch 2 — train loss: 0.36170  (5.3s)
Epoch 2 — val   loss: 0.34819
  ✓ Saved checkpoint (val_loss=0.34819)
  [3:50/364]  loss=0.44534  grad=2.122  lr=4.27e-04
  [3:100/364]  loss=0.35304  grad=0.693  lr=4.55e-04
  [3:150/364]  loss=0.24991  grad=0.664  lr=4.82e-04
  [3:200/364]  loss=0.44466  grad=0.387  lr=5.10e-04
  [3:250/364]  loss=0.28041  grad=0.340  lr=5.37e-04
  [3:300/364]  loss=0.29988  grad=0.341  lr=5.65e-04
  [3:350/364]  loss=0.54053  grad=0.686  lr=5.92e-04
Epoch 3 — train loss: 0.35196  (5.3s)
Epoch 3 — val   loss: 0.36660
  [4:50/364]  loss=0.28349  grad=1.641  lr=6.27e-04
  [4:100/364]  loss=0.32653  grad=1.181  lr=6.55e-04
  [4:150/364]  loss=0.31732  grad=1.683  lr=6.82e-04
  [4:200/364]  loss=0.26323  grad=0.773  lr=7.10e-04
  [4:250/364]  loss=0.27507  grad=0.499  lr=7.37e-04
  [4:300/364]  loss=0.23372  grad=2.351  lr=7.65e-04
  [4:350/364]  loss=0.48324  grad=2.523  lr=7.92e-04
Epoch 4 — train loss: 0.34835  (5.3s)
Epoch 4 — val   loss: 0.35837
  [5:50/364]  loss=0.37711  grad=1.252  lr=8.27e-04
  [5:100/364]  loss=0.34947  grad=0.654  lr=8.55e-04
  [5:150/364]  loss=0.43469  grad=0.489  lr=8.82e-04
  [5:200/364]  loss=0.24765  grad=6.487  lr=9.10e-04
  [5:250/364]  loss=0.24399  grad=0.498  lr=9.37e-04
  [5:300/364]  loss=0.30712  grad=0.927  lr=9.65e-04
  [5:350/364]  loss=0.50747  grad=1.339  lr=9.92e-04
Epoch 5 — train loss: 0.34400  (5.3s)
Epoch 5 — val   loss: 0.35084
  [6:50/364]  loss=0.41572  grad=0.344  lr=1.00e-03
  [6:100/364]  loss=0.25849  grad=0.612  lr=1.00e-03
  [6:150/364]  loss=0.51592  grad=0.285  lr=1.00e-03
  [6:200/364]  loss=0.32946  grad=1.522  lr=1.00e-03
  [6:250/364]  loss=0.24868  grad=0.429  lr=9.99e-04
  [6:300/364]  loss=0.40820  grad=1.005  lr=9.99e-04
  [6:350/364]  loss=0.21175  grad=0.191  lr=9.99e-04
Epoch 6 — train loss: 0.34076  (5.3s)
Epoch 6 — val   loss: 0.36788
  [7:50/364]  loss=0.47355  grad=1.756  lr=9.98e-04
  [7:100/364]  loss=0.40478  grad=2.243  lr=9.98e-04
  [7:150/364]  loss=0.33947  grad=0.408  lr=9.98e-04
  [7:200/364]  loss=0.25692  grad=0.340  lr=9.97e-04
  [7:250/364]  loss=0.32404  grad=1.382  lr=9.97e-04
  [7:300/364]  loss=0.42389  grad=0.647  lr=9.96e-04
  [7:350/364]  loss=0.48489  grad=1.350  lr=9.95e-04
Epoch 7 — train loss: 0.33414  (5.3s)
Epoch 7 — val   loss: 0.38717
  [8:50/364]  loss=0.21098  grad=0.316  lr=9.94e-04
  [8:100/364]  loss=0.33165  grad=10.019  lr=9.94e-04
  [8:150/364]  loss=0.28409  grad=0.213  lr=9.93e-04
  [8:200/364]  loss=0.29653  grad=0.389  lr=9.92e-04
  [8:250/364]  loss=0.38041  grad=1.394  lr=9.91e-04
  [8:300/364]  loss=0.26450  grad=0.238  lr=9.90e-04
  [8:350/364]  loss=0.24482  grad=0.875  lr=9.89e-04
Epoch 8 — train loss: 0.32986  (5.3s)
Epoch 8 — val   loss: 0.37580
  [9:50/364]  loss=0.26418  grad=0.756  lr=9.88e-04
  [9:100/364]  loss=0.35274  grad=2.296  lr=9.87e-04
  [9:150/364]  loss=0.26330  grad=0.609  lr=9.86e-04
  [9:200/364]  loss=0.29402  grad=1.611  lr=9.85e-04
  [9:250/364]  loss=0.25858  grad=0.324  lr=9.84e-04
  [9:300/364]  loss=0.31720  grad=13.482  lr=9.82e-04
  [9:350/364]  loss=0.36223  grad=2.174  lr=9.81e-04
Epoch 9 — train loss: 0.32281  (5.3s)
Epoch 9 — val   loss: 0.38001
  [10:50/364]  loss=0.29872  grad=1.010  lr=9.79e-04
  [10:100/364]  loss=0.39929  grad=0.965  lr=9.78e-04
  [10:150/364]  loss=0.33464  grad=0.996  lr=9.76e-04
  [10:200/364]  loss=0.27359  grad=0.281  lr=9.75e-04
  [10:250/364]  loss=0.19064  grad=0.779  lr=9.73e-04
  [10:300/364]  loss=0.37215  grad=7.167  lr=9.72e-04
  [10:350/364]  loss=0.27199  grad=0.201  lr=9.70e-04
Epoch 10 — train loss: 0.31818  (5.3s)
Epoch 10 — val   loss: 0.38833
  [11:50/364]  loss=0.22680  grad=0.237  lr=9.68e-04
  [11:100/364]  loss=0.28145  grad=0.710  lr=9.66e-04
  [11:150/364]  loss=0.28602  grad=1.803  lr=9.65e-04
  [11:200/364]  loss=0.28705  grad=0.387  lr=9.63e-04
  [11:250/364]  loss=0.28397  grad=0.399  lr=9.61e-04
  [11:300/364]  loss=0.30778  grad=0.243  lr=9.59e-04
  [11:350/364]  loss=0.32915  grad=0.636  lr=9.57e-04
Epoch 11 — train loss: 0.30789  (5.3s)
Epoch 11 — val   loss: 0.41385
  [12:50/364]  loss=0.25125  grad=0.316  lr=9.55e-04
  [12:100/364]  loss=0.32294  grad=0.690  lr=9.53e-04
  [12:150/364]  loss=0.41395  grad=0.561  lr=9.51e-04
  [12:200/364]  loss=0.28244  grad=0.567  lr=9.49e-04
  [12:250/364]  loss=0.34020  grad=0.413  lr=9.47e-04
  [12:300/364]  loss=0.21660  grad=0.652  lr=9.44e-04
  [12:350/364]  loss=0.38291  grad=0.672  lr=9.42e-04
Epoch 12 — train loss: 0.29724  (5.3s)
Epoch 12 — val   loss: 0.39522
  [13:50/364]  loss=0.28213  grad=0.849  lr=9.39e-04
  [13:100/364]  loss=0.30109  grad=0.288  lr=9.37e-04
  [13:150/364]  loss=0.21802  grad=0.442  lr=9.35e-04
  [13:200/364]  loss=0.23995  grad=0.257  lr=9.32e-04
  [13:250/364]  loss=0.35824  grad=0.758  lr=9.30e-04
  [13:300/364]  loss=0.23488  grad=0.450  lr=9.27e-04
  [13:350/364]  loss=0.28054  grad=0.300  lr=9.25e-04
Epoch 13 — train loss: 0.28600  (5.3s)
Epoch 13 — val   loss: 0.38731
  [14:50/364]  loss=0.38807  grad=0.378  lr=9.21e-04
  [14:100/364]  loss=0.23836  grad=0.334  lr=9.19e-04
  [14:150/364]  loss=0.38120  grad=0.541  lr=9.16e-04
  [14:200/364]  loss=0.20575  grad=0.320  lr=9.14e-04
  [14:250/364]  loss=0.34842  grad=0.618  lr=9.11e-04
  [14:300/364]  loss=0.21495  grad=0.252  lr=9.08e-04
  [14:350/364]  loss=0.26774  grad=0.530  lr=9.05e-04
Epoch 14 — train loss: 0.27858  (5.3s)
Epoch 14 — val   loss: 0.40454
  [15:50/364]  loss=0.33405  grad=0.296  lr=9.02e-04
  [15:100/364]  loss=0.26751  grad=0.370  lr=8.99e-04
  [15:150/364]  loss=0.29431  grad=0.250  lr=8.96e-04
  [15:200/364]  loss=0.31288  grad=0.563  lr=8.93e-04
  [15:250/364]  loss=0.21619  grad=0.245  lr=8.90e-04
  [15:300/364]  loss=0.19635  grad=0.189  lr=8.87e-04
  [15:350/364]  loss=0.25089  grad=0.466  lr=8.84e-04
Epoch 15 — train loss: 0.26936  (5.3s)
Epoch 15 — val   loss: 0.42426
  [16:50/364]  loss=0.23706  grad=0.191  lr=8.80e-04
  [16:100/364]  loss=0.29443  grad=0.312  lr=8.77e-04
  [16:150/364]  loss=0.38299  grad=0.937  lr=8.74e-04
  [16:200/364]  loss=0.22188  grad=0.282  lr=8.70e-04
  [16:250/364]  loss=0.29182  grad=0.681  lr=8.67e-04
  [16:300/364]  loss=0.22661  grad=0.832  lr=8.64e-04
  [16:350/364]  loss=0.22682  grad=0.284  lr=8.61e-04
Epoch 16 — train loss: 0.26379  (5.3s)
Epoch 16 — val   loss: 0.38423
  [17:50/364]  loss=0.24308  grad=0.480  lr=8.56e-04
  [17:100/364]  loss=0.43419  grad=1.540  lr=8.53e-04
  [17:150/364]  loss=0.20621  grad=0.256  lr=8.50e-04
  [17:200/364]  loss=0.20677  grad=0.650  lr=8.46e-04
  [17:250/364]  loss=0.25369  grad=0.375  lr=8.43e-04
  [17:300/364]  loss=0.20292  grad=0.216  lr=8.39e-04
  [17:350/364]  loss=0.20364  grad=0.343  lr=8.36e-04
Epoch 17 — train loss: 0.25719  (5.3s)
Epoch 17 — val   loss: 0.39335
Early stopping at epoch 17

=======================================================
Loading best checkpoint for testing...
Best checkpoint: epoch=2, val_loss=0.34819

Test results:
  H= 192  MSE=0.17060  MAE=0.29633  RMSE=0.41304

Results saved to /gpfs/scratch/an4462/at6646/ne-time-v2/outputs/netime_ETTh2_medium_perH_CI_CI_H192_results.json
  H= 192  MSE=0.17060  MAE=0.29633

=======================================================
Per-horizon training: H=336
=======================================================
Loaded ETTh2: shape=(17420, 7)
Train: 11523 samples (360 batches)
Val:   1071 samples (34 batches)
Test:  2813 samples (88 batches)

Device: cuda
Total parameters: 254,362
  revin                       2
  patch_embed             7,680
  decomposer                  0
  curvatures                  4
  hyp_encoders          125,379
  horizon_enc            25,539
  hyp_decoder            24,961
  temporal_proj          53,904
  out_proj               16,897

Param groups:
  decay         250,368  (wd=0.0001)
  no_decay        3,990  (wd=0)
  curvature           4  (wd=0.001, lr×0.1)

=======================================================
Training: netime_ETTh2_medium_perH_CI_CI_H336
=======================================================
  [1:50/360]  loss=0.36956  grad=0.090  lr=2.78e-05
  [1:100/360]  loss=0.49739  grad=0.105  lr=5.56e-05
  [1:150/360]  loss=0.89226  grad=1.123  lr=8.33e-05
  [1:200/360]  loss=0.38787  grad=0.666  lr=1.11e-04
  [1:250/360]  loss=0.43357  grad=0.666  lr=1.39e-04
  [1:300/360]  loss=0.39025  grad=0.452  lr=1.67e-04
  [1:350/360]  loss=0.35774  grad=0.290  lr=1.94e-04
Epoch 1 — train loss: 0.48381  (5.5s)
Epoch 1 — val   loss: 0.38719
  ✓ Saved checkpoint (val_loss=0.38719)
  [2:50/360]  loss=0.40914  grad=0.628  lr=2.28e-04
  [2:100/360]  loss=0.37942  grad=0.333  lr=2.56e-04
  [2:150/360]  loss=0.54063  grad=0.413  lr=2.83e-04
  [2:200/360]  loss=0.37164  grad=0.687  lr=3.11e-04
  [2:250/360]  loss=0.44199  grad=1.218  lr=3.39e-04
  [2:300/360]  loss=0.33298  grad=0.521  lr=3.67e-04
  [2:350/360]  loss=0.44182  grad=1.248  lr=3.94e-04
Epoch 2 — train loss: 0.43104  (5.5s)
Epoch 2 — val   loss: 0.37111
  ✓ Saved checkpoint (val_loss=0.37111)
  [3:50/360]  loss=0.42759  grad=0.579  lr=4.28e-04
  [3:100/360]  loss=0.37694  grad=0.406  lr=4.56e-04
  [3:150/360]  loss=0.31643  grad=0.722  lr=4.83e-04
  [3:200/360]  loss=0.58152  grad=0.929  lr=5.11e-04
  [3:250/360]  loss=0.26202  grad=1.220  lr=5.39e-04
  [3:300/360]  loss=0.33486  grad=0.415  lr=5.67e-04
  [3:350/360]  loss=0.31806  grad=0.683  lr=5.94e-04
Epoch 3 — train loss: 0.42238  (5.5s)
Epoch 3 — val   loss: 0.36859
  ✓ Saved checkpoint (val_loss=0.36859)
  [4:50/360]  loss=0.42980  grad=0.681  lr=6.28e-04
  [4:100/360]  loss=0.44487  grad=0.840  lr=6.56e-04
  [4:150/360]  loss=0.26126  grad=0.349  lr=6.83e-04
  [4:200/360]  loss=0.40892  grad=1.092  lr=7.11e-04
  [4:250/360]  loss=0.38530  grad=1.227  lr=7.39e-04
  [4:300/360]  loss=0.34083  grad=0.487  lr=7.67e-04
  [4:350/360]  loss=0.41305  grad=1.004  lr=7.94e-04
Epoch 4 — train loss: 0.41379  (5.5s)
Epoch 4 — val   loss: 0.37909
  [5:50/360]  loss=0.41455  grad=0.699  lr=8.28e-04
  [5:100/360]  loss=0.60885  grad=1.762  lr=8.56e-04
  [5:150/360]  loss=0.48881  grad=5.079  lr=8.83e-04
  [5:200/360]  loss=0.34082  grad=4.172  lr=9.11e-04
  [5:250/360]  loss=0.39751  grad=7.249  lr=9.39e-04
  [5:300/360]  loss=0.34419  grad=1.915  lr=9.67e-04
  [5:350/360]  loss=0.36960  grad=1.790  lr=9.94e-04
Epoch 5 — train loss: 0.40930  (5.5s)
Epoch 5 — val   loss: 0.38677
  [6:50/360]  loss=0.34697  grad=0.827  lr=1.00e-03
  [6:100/360]  loss=0.29405  grad=0.394  lr=1.00e-03
  [6:150/360]  loss=0.28892  grad=0.600  lr=1.00e-03
  [6:200/360]  loss=0.35575  grad=0.998  lr=1.00e-03
  [6:250/360]  loss=0.61848  grad=1.309  lr=9.99e-04
  [6:300/360]  loss=0.31200  grad=0.665  lr=9.99e-04
  [6:350/360]  loss=0.37812  grad=0.830  lr=9.99e-04
Epoch 6 — train loss: 0.40494  (5.5s)
Epoch 6 — val   loss: 0.40910
  [7:50/360]  loss=0.55232  grad=2.848  lr=9.98e-04
  [7:100/360]  loss=0.41643  grad=0.985  lr=9.98e-04
  [7:150/360]  loss=0.43006  grad=1.443  lr=9.98e-04
  [7:200/360]  loss=0.41467  grad=0.364  lr=9.97e-04
  [7:250/360]  loss=0.40149  grad=0.585  lr=9.97e-04
  [7:300/360]  loss=0.36705  grad=0.348  lr=9.96e-04
  [7:350/360]  loss=0.35310  grad=0.966  lr=9.95e-04
Epoch 7 — train loss: 0.39611  (5.5s)
Epoch 7 — val   loss: 0.39176
  [8:50/360]  loss=0.49431  grad=1.144  lr=9.94e-04
  [8:100/360]  loss=0.61511  grad=1.386  lr=9.94e-04
  [8:150/360]  loss=0.29419  grad=1.200  lr=9.93e-04
  [8:200/360]  loss=0.26473  grad=0.608  lr=9.92e-04
  [8:250/360]  loss=0.57936  grad=1.641  lr=9.91e-04
  [8:300/360]  loss=0.40024  grad=0.566  lr=9.90e-04
  [8:350/360]  loss=0.30204  grad=0.537  lr=9.89e-04
Epoch 8 — train loss: 0.38463  (5.5s)
Epoch 8 — val   loss: 0.39772
  [9:50/360]  loss=0.33209  grad=0.891  lr=9.88e-04
  [9:100/360]  loss=0.46612  grad=3.905  lr=9.87e-04
  [9:150/360]  loss=0.37895  grad=1.215  lr=9.86e-04
  [9:200/360]  loss=0.35926  grad=0.769  lr=9.85e-04
  [9:250/360]  loss=0.28312  grad=1.015  lr=9.83e-04
  [9:300/360]  loss=0.37515  grad=1.086  lr=9.82e-04
  [9:350/360]  loss=0.38515  grad=0.920  lr=9.81e-04
Epoch 9 — train loss: 0.37511  (5.5s)
Epoch 9 — val   loss: 0.40030
  [10:50/360]  loss=0.29164  grad=0.964  lr=9.79e-04
  [10:100/360]  loss=0.50550  grad=0.508  lr=9.78e-04
  [10:150/360]  loss=0.36711  grad=0.279  lr=9.76e-04
  [10:200/360]  loss=0.47565  grad=1.340  lr=9.75e-04
  [10:250/360]  loss=0.31248  grad=0.348  lr=9.73e-04
  [10:300/360]  loss=0.31169  grad=0.634  lr=9.72e-04
  [10:350/360]  loss=0.39310  grad=0.649  lr=9.70e-04
Epoch 10 — train loss: 0.36979  (5.5s)
Epoch 10 — val   loss: 0.41272
  [11:50/360]  loss=0.49717  grad=0.653  lr=9.68e-04
  [11:100/360]  loss=0.38227  grad=0.203  lr=9.66e-04
  [11:150/360]  loss=0.29045  grad=0.405  lr=9.65e-04
  [11:200/360]  loss=0.27013  grad=0.659  lr=9.63e-04
  [11:250/360]  loss=0.29235  grad=0.421  lr=9.61e-04
  [11:300/360]  loss=0.47732  grad=0.474  lr=9.59e-04
  [11:350/360]  loss=0.30277  grad=1.336  lr=9.57e-04
Epoch 11 — train loss: 0.35793  (5.5s)
Epoch 11 — val   loss: 0.39275
  [12:50/360]  loss=0.34811  grad=0.753  lr=9.55e-04
  [12:100/360]  loss=0.41577  grad=0.572  lr=9.53e-04
  [12:150/360]  loss=0.51484  grad=0.302  lr=9.51e-04
  [12:200/360]  loss=0.36945  grad=0.250  lr=9.49e-04
  [12:250/360]  loss=0.44232  grad=0.595  lr=9.46e-04
  [12:300/360]  loss=0.29592  grad=0.564  lr=9.44e-04
  [12:350/360]  loss=0.31405  grad=0.694  lr=9.42e-04
Epoch 12 — train loss: 0.35078  (5.5s)
Epoch 12 — val   loss: 0.39813
  [13:50/360]  loss=0.30259  grad=0.824  lr=9.39e-04
  [13:100/360]  loss=0.33996  grad=0.426  lr=9.37e-04
  [13:150/360]  loss=0.32876  grad=0.512  lr=9.34e-04
  [13:200/360]  loss=0.41522  grad=0.272  lr=9.32e-04
  [13:250/360]  loss=0.33225  grad=0.260  lr=9.30e-04
  [13:300/360]  loss=0.45172  grad=0.185  lr=9.27e-04
  [13:350/360]  loss=0.30252  grad=0.512  lr=9.25e-04
Epoch 13 — train loss: 0.34484  (5.5s)
Epoch 13 — val   loss: 0.41657
  [14:50/360]  loss=0.42782  grad=0.509  lr=9.21e-04
  [14:100/360]  loss=0.31642  grad=0.225  lr=9.19e-04
  [14:150/360]  loss=0.37112  grad=0.329  lr=9.16e-04
  [14:200/360]  loss=0.26469  grad=0.243  lr=9.13e-04
  [14:250/360]  loss=0.29722  grad=0.606  lr=9.11e-04
  [14:300/360]  loss=0.28846  grad=0.524  lr=9.08e-04
  [14:350/360]  loss=0.51316  grad=0.355  lr=9.05e-04
Epoch 14 — train loss: 0.33871  (5.5s)
Epoch 14 — val   loss: 0.39637
  [15:50/360]  loss=0.31832  grad=0.251  lr=9.02e-04
  [15:100/360]  loss=0.41812  grad=0.672  lr=8.99e-04
  [15:150/360]  loss=0.32506  grad=0.328  lr=8.96e-04
  [15:200/360]  loss=0.43591  grad=0.526  lr=8.93e-04
  [15:250/360]  loss=0.51095  grad=1.121  lr=8.90e-04
  [15:300/360]  loss=0.29236  grad=0.296  lr=8.87e-04
  [15:350/360]  loss=0.25971  grad=0.438  lr=8.84e-04
Epoch 15 — train loss: 0.33343  (5.5s)
Epoch 15 — val   loss: 0.38074
  [16:50/360]  loss=0.28660  grad=0.270  lr=8.80e-04
  [16:100/360]  loss=0.25933  grad=0.300  lr=8.77e-04
  [16:150/360]  loss=0.27523  grad=0.392  lr=8.74e-04
  [16:200/360]  loss=0.40982  grad=0.374  lr=8.70e-04
  [16:250/360]  loss=0.24437  grad=0.318  lr=8.67e-04
  [16:300/360]  loss=0.45400  grad=0.816  lr=8.64e-04
  [16:350/360]  loss=0.35974  grad=0.323  lr=8.60e-04
Epoch 16 — train loss: 0.32572  (5.6s)
Epoch 16 — val   loss: 0.39926
  [17:50/360]  loss=0.30093  grad=0.539  lr=8.56e-04
  [17:100/360]  loss=0.25708  grad=0.243  lr=8.53e-04
  [17:150/360]  loss=0.35323  grad=0.339  lr=8.49e-04
  [17:200/360]  loss=0.32392  grad=0.485  lr=8.46e-04
  [17:250/360]  loss=0.22334  grad=0.483  lr=8.42e-04
  [17:300/360]  loss=0.32268  grad=0.607  lr=8.39e-04
  [17:350/360]  loss=0.27358  grad=0.247  lr=8.35e-04
Epoch 17 — train loss: 0.32095  (5.5s)
Epoch 17 — val   loss: 0.39833
  [18:50/360]  loss=0.30655  grad=0.307  lr=8.31e-04
  [18:100/360]  loss=0.26912  grad=0.193  lr=8.27e-04
  [18:150/360]  loss=0.25708  grad=0.449  lr=8.24e-04
  [18:200/360]  loss=0.26876  grad=0.283  lr=8.20e-04
  [18:250/360]  loss=0.27628  grad=0.332  lr=8.16e-04
  [18:300/360]  loss=0.26269  grad=0.233  lr=8.12e-04
  [18:350/360]  loss=0.50613  grad=0.697  lr=8.09e-04
Epoch 18 — train loss: 0.31625  (5.5s)
Epoch 18 — val   loss: 0.39516
Early stopping at epoch 18

=======================================================
Loading best checkpoint for testing...
Best checkpoint: epoch=3, val_loss=0.36859

Test results:
  H= 336  MSE=0.18697  MAE=0.30831  RMSE=0.43240

Results saved to /gpfs/scratch/an4462/at6646/ne-time-v2/outputs/netime_ETTh2_medium_perH_CI_CI_H336_results.json
  H= 336  MSE=0.18697  MAE=0.30831

=======================================================
Per-horizon training: H=720
=======================================================
Loaded ETTh2: shape=(17420, 7)
Train: 11139 samples (348 batches)
Val:   687 samples (22 batches)
Test:  2429 samples (76 batches)

Device: cuda
Total parameters: 254,362
  revin                       2
  patch_embed             7,680
  decomposer                  0
  curvatures                  4
  hyp_encoders          125,379
  horizon_enc            25,539
  hyp_decoder            24,961
  temporal_proj          53,904
  out_proj               16,897

Param groups:
  decay         250,368  (wd=0.0001)
  no_decay        3,990  (wd=0)
  curvature           4  (wd=0.001, lr×0.1)

=======================================================
Training: netime_ETTh2_medium_perH_CI_CI_H720
=======================================================
  [1:50/348]  loss=1.07147  grad=0.111  lr=2.87e-05
  [1:100/348]  loss=0.78487  grad=0.183  lr=5.75e-05
  [1:150/348]  loss=0.45585  grad=0.526  lr=8.62e-05
  [1:200/348]  loss=0.73360  grad=0.499  lr=1.15e-04
  [1:250/348]  loss=0.66485  grad=0.289  lr=1.44e-04
  [1:300/348]  loss=0.56235  grad=0.561  lr=1.72e-04
Epoch 1 — train loss: 0.65483  (6.1s)
Epoch 1 — val   loss: 0.43248
  ✓ Saved checkpoint (val_loss=0.43248)
  [2:50/348]  loss=0.67892  grad=0.814  lr=2.29e-04
  [2:100/348]  loss=0.67318  grad=0.562  lr=2.57e-04
  [2:150/348]  loss=0.49004  grad=0.368  lr=2.86e-04
  [2:200/348]  loss=0.62942  grad=2.603  lr=3.15e-04
  [2:250/348]  loss=0.64375  grad=0.580  lr=3.44e-04
  [2:300/348]  loss=0.57009  grad=1.237  lr=3.72e-04
Epoch 2 — train loss: 0.60862  (6.0s)
Epoch 2 — val   loss: 0.40267
  ✓ Saved checkpoint (val_loss=0.40267)
  [3:50/348]  loss=0.45741  grad=0.478  lr=4.29e-04
  [3:100/348]  loss=0.50230  grad=0.477  lr=4.57e-04
  [3:150/348]  loss=0.74743  grad=0.972  lr=4.86e-04
  [3:200/348]  loss=0.58381  grad=0.559  lr=5.15e-04
  [3:250/348]  loss=0.54131  grad=0.946  lr=5.44e-04
  [3:300/348]  loss=0.34550  grad=0.449  lr=5.72e-04
Epoch 3 — train loss: 0.59778  (6.1s)
Epoch 3 — val   loss: 0.41146
  [4:50/348]  loss=0.45797  grad=0.576  lr=6.29e-04
  [4:100/348]  loss=0.49477  grad=0.463  lr=6.57e-04
  [4:150/348]  loss=0.47454  grad=0.553  lr=6.86e-04
  [4:200/348]  loss=0.67018  grad=0.770  lr=7.15e-04
  [4:250/348]  loss=0.59512  grad=0.967  lr=7.44e-04
  [4:300/348]  loss=0.68771  grad=0.635  lr=7.72e-04
Epoch 4 — train loss: 0.58595  (6.0s)
Epoch 4 — val   loss: 0.45276
  [5:50/348]  loss=0.59529  grad=0.694  lr=8.29e-04
  [5:100/348]  loss=0.73644  grad=0.575  lr=8.57e-04
  [5:150/348]  loss=0.58597  grad=3.429  lr=8.86e-04
  [5:200/348]  loss=0.48106  grad=0.787  lr=9.15e-04
  [5:250/348]  loss=0.86910  grad=1.429  lr=9.44e-04
  [5:300/348]  loss=0.68436  grad=0.662  lr=9.72e-04
Epoch 5 — train loss: 0.57482  (6.0s)
Epoch 5 — val   loss: 0.41354
  [6:50/348]  loss=0.41864  grad=0.667  lr=1.00e-03
  [6:100/348]  loss=0.54070  grad=0.963  lr=1.00e-03
  [6:150/348]  loss=0.64009  grad=0.496  lr=1.00e-03
  [6:200/348]  loss=0.73126  grad=0.869  lr=1.00e-03
  [6:250/348]  loss=0.62553  grad=0.416  lr=9.99e-04
  [6:300/348]  loss=0.67206  grad=0.295  lr=9.99e-04
Epoch 6 — train loss: 0.56253  (6.0s)
Epoch 6 — val   loss: 0.43120
  [7:50/348]  loss=0.54265  grad=0.441  lr=9.98e-04
  [7:100/348]  loss=0.59547  grad=1.008  lr=9.98e-04
  [7:150/348]  loss=0.50382  grad=1.028  lr=9.98e-04
  [7:200/348]  loss=0.31110  grad=0.447  lr=9.97e-04
  [7:250/348]  loss=0.53180  grad=1.344  lr=9.96e-04
  [7:300/348]  loss=0.58201  grad=0.842  lr=9.96e-04
Epoch 7 — train loss: 0.54186  (6.0s)
Epoch 7 — val   loss: 0.41531
  [8:50/348]  loss=0.34508  grad=1.430  lr=9.94e-04
  [8:100/348]  loss=0.43637  grad=0.712  lr=9.94e-04
  [8:150/348]  loss=0.72998  grad=0.724  lr=9.93e-04
  [8:200/348]  loss=0.71733  grad=1.189  lr=9.92e-04
  [8:250/348]  loss=0.59065  grad=1.503  lr=9.91e-04
  [8:300/348]  loss=0.52991  grad=0.743  lr=9.90e-04
Epoch 8 — train loss: 0.53115  (6.0s)
Epoch 8 — val   loss: 0.47213
  [9:50/348]  loss=0.62870  grad=0.825  lr=9.88e-04
  [9:100/348]  loss=0.54874  grad=0.400  lr=9.87e-04
  [9:150/348]  loss=0.47513  grad=0.797  lr=9.86e-04
  [9:200/348]  loss=0.62311  grad=0.851  lr=9.85e-04
  [9:250/348]  loss=0.50785  grad=0.599  lr=9.83e-04
  [9:300/348]  loss=0.67537  grad=0.617  lr=9.82e-04
Epoch 9 — train loss: 0.52123  (6.0s)
Epoch 9 — val   loss: 0.44690
  [10:50/348]  loss=0.50492  grad=0.960  lr=9.79e-04
  [10:100/348]  loss=0.55480  grad=0.538  lr=9.78e-04
  [10:150/348]  loss=0.54515  grad=0.812  lr=9.76e-04
  [10:200/348]  loss=0.45967  grad=0.375  lr=9.75e-04
  [10:250/348]  loss=0.56612  grad=0.411  lr=9.73e-04
  [10:300/348]  loss=0.54432  grad=0.243  lr=9.71e-04
Epoch 10 — train loss: 0.50897  (6.0s)
Epoch 10 — val   loss: 0.44665
  [11:50/348]  loss=0.33864  grad=1.105  lr=9.68e-04
  [11:100/348]  loss=0.40068  grad=0.607  lr=9.66e-04
  [11:150/348]  loss=0.56660  grad=0.758  lr=9.64e-04
  [11:200/348]  loss=0.49998  grad=0.475  lr=9.63e-04
  [11:250/348]  loss=0.47979  grad=0.766  lr=9.61e-04
  [11:300/348]  loss=0.45728  grad=0.392  lr=9.59e-04
Epoch 11 — train loss: 0.50060  (6.0s)
Epoch 11 — val   loss: 0.45522
  [12:50/348]  loss=0.57066  grad=0.336  lr=9.55e-04
  [12:100/348]  loss=0.51629  grad=1.146  lr=9.53e-04
  [12:150/348]  loss=0.55426  grad=0.632  lr=9.50e-04
  [12:200/348]  loss=0.40719  grad=0.521  lr=9.48e-04
  [12:250/348]  loss=0.54648  grad=0.724  lr=9.46e-04
  [12:300/348]  loss=0.44810  grad=0.928  lr=9.44e-04
Epoch 12 — train loss: 0.49042  (6.1s)
Epoch 12 — val   loss: 0.51758
  [13:50/348]  loss=0.47839  grad=0.369  lr=9.39e-04
  [13:100/348]  loss=0.50383  grad=0.287  lr=9.37e-04
  [13:150/348]  loss=0.37481  grad=0.394  lr=9.34e-04
  [13:200/348]  loss=0.37377  grad=0.643  lr=9.32e-04
  [13:250/348]  loss=0.43088  grad=0.575  lr=9.29e-04
  [13:300/348]  loss=0.37767  grad=0.700  lr=9.27e-04
Epoch 13 — train loss: 0.48564  (6.0s)
Epoch 13 — val   loss: 0.46485
  [14:50/348]  loss=0.40319  grad=0.724  lr=9.21e-04
  [14:100/348]  loss=0.42698  grad=0.392  lr=9.19e-04
  [14:150/348]  loss=0.60638  grad=1.225  lr=9.16e-04
  [14:200/348]  loss=0.39010  grad=0.282  lr=9.13e-04
  [14:250/348]  loss=0.62917  grad=1.108  lr=9.10e-04
  [14:300/348]  loss=0.33986  grad=0.526  lr=9.07e-04
Epoch 14 — train loss: 0.47960  (6.0s)
Epoch 14 — val   loss: 0.43443
  [15:50/348]  loss=0.31490  grad=1.271  lr=9.02e-04
  [15:100/348]  loss=0.49197  grad=0.816  lr=8.99e-04
  [15:150/348]  loss=0.36152  grad=0.559  lr=8.95e-04
  [15:200/348]  loss=0.39769  grad=0.653  lr=8.92e-04
  [15:250/348]  loss=0.32588  grad=0.509  lr=8.89e-04
  [15:300/348]  loss=0.41112  grad=0.660  lr=8.86e-04
Epoch 15 — train loss: 0.47413  (6.0s)
Epoch 15 — val   loss: 0.44813
  [16:50/348]  loss=0.55470  grad=0.535  lr=8.80e-04
  [16:100/348]  loss=0.35858  grad=1.038  lr=8.76e-04
  [16:150/348]  loss=0.31118  grad=0.306  lr=8.73e-04
  [16:200/348]  loss=0.56530  grad=1.057  lr=8.70e-04
  [16:250/348]  loss=0.53146  grad=0.725  lr=8.66e-04
  [16:300/348]  loss=0.46285  grad=0.331  lr=8.63e-04
Epoch 16 — train loss: 0.46992  (6.0s)
Epoch 16 — val   loss: 0.41929
  [17:50/348]  loss=0.38372  grad=0.219  lr=8.56e-04
  [17:100/348]  loss=0.59284  grad=0.463  lr=8.53e-04
  [17:150/348]  loss=0.35738  grad=0.548  lr=8.49e-04
  [17:200/348]  loss=0.42929  grad=0.483  lr=8.45e-04
  [17:250/348]  loss=0.61642  grad=0.752  lr=8.42e-04
  [17:300/348]  loss=0.36411  grad=0.695  lr=8.38e-04
Epoch 17 — train loss: 0.46390  (6.0s)
Epoch 17 — val   loss: 0.45697
Early stopping at epoch 17

=======================================================
Loading best checkpoint for testing...
Best checkpoint: epoch=2, val_loss=0.40267

Test results:
  H= 720  MSE=0.23036  MAE=0.34248  RMSE=0.47996

Results saved to /gpfs/scratch/an4462/at6646/ne-time-v2/outputs/netime_ETTh2_medium_perH_CI_CI_H720_results.json
  H= 720  MSE=0.23036  MAE=0.34248

=======================================================
Final Test Results:
=======================================================
       H       MSE       MAE
  ------  --------  --------
      96   0.14819   0.27583
     192   0.17060   0.29633
     336   0.18697   0.30831
     720   0.23036   0.34248

================================================
Done: Mon Jun  1 12:27:19 EDT 2026
Outputs:
-rw-rw-r-- 1 an4462 an4462 1022K Jun  1 12:22 netime_ETTh2_medium_perH_CI_CI_H192_best.pth
-rw-rw-r-- 1 an4462 an4462  2.0K Jun  1 12:23 netime_ETTh2_medium_perH_CI_CI_H192_log.csv
-rw-rw-r-- 1 an4462 an4462   113 Jun  1 12:23 netime_ETTh2_medium_perH_CI_CI_H192_results.json
-rw-rw-r-- 1 an4462 an4462 1022K Jun  1 12:24 netime_ETTh2_medium_perH_CI_CI_H336_best.pth
-rw-rw-r-- 1 an4462 an4462  2.1K Jun  1 12:25 netime_ETTh2_medium_perH_CI_CI_H336_log.csv
-rw-rw-r-- 1 an4462 an4462   114 Jun  1 12:25 netime_ETTh2_medium_perH_CI_CI_H336_results.json
-rw-rw-r-- 1 an4462 an4462 1022K Jun  1 12:25 netime_ETTh2_medium_perH_CI_CI_H720_best.pth
-rw-rw-r-- 1 an4462 an4462  2.0K Jun  1 12:27 netime_ETTh2_medium_perH_CI_CI_H720_log.csv
-rw-rw-r-- 1 an4462 an4462   112 Jun  1 12:27 netime_ETTh2_medium_perH_CI_CI_H720_results.json
-rw-rw-r-- 1 an4462 an4462 1021K Jun  1 12:20 netime_ETTh2_medium_perH_CI_CI_H96_best.pth
-rw-rw-r-- 1 an4462 an4462  2.0K Jun  1 12:22 netime_ETTh2_medium_perH_CI_CI_H96_log.csv
-rw-rw-r-- 1 an4462 an4462   112 Jun  1 12:22 netime_ETTh2_medium_perH_CI_CI_H96_results.json
-rw-rw-r-- 1 an4462 an4462   445 Jun  1 12:27 netime_ETTh2_medium_perH_CI_CI_per_horizon_results.json
================================================
