================================================
Job ID:           23481108
Node:             a100-4002
Project dir:      /gpfs/scratch/an4462/at6646/ne-time-v2
Dataset:          ECL
Model size:       medium
Mode:             per-horizon+CI (SOTA comparison)
Seq len:          336
Batch size:       32
LR:               1e-3
Patience:         15
Exp name:         netime_ECL_medium_perH_CI
--- overfitting fixes ---
geo_dropout:      0.2
hyp_hidden_scale: 1.0
curvature_wd:     1e-3
Start time:       Mon Jun  1 12:49:52 EDT 2026
================================================
NVIDIA A100 80GB PCIe, 81920 MiB

Python:     3.10.20
PyTorch:    2.2.0+cu121
CUDA:       True
GPU:        NVIDIA A100 80GB PCIe
VRAM:       85.1 GB

Starting training (per-horizon+CI (SOTA comparison))...
Input dim: 321

Mode: per-horizon + CI (SOTA benchmark comparison)

=======================================================
Per-horizon training: H=96
=======================================================
Loaded ECL: shape=(26304, 321)
Split: train=70% / val=10% / test=20%
Train: 17,981 samples (561 batches)
Val:   2,200 samples (69 batches)
Test:  4,830 samples (151 batches)

Device: cuda
Total parameters: 254,362
  revin                       2
  patch_embed             7,680
  decomposer                  0
  curvatures                  4
  hyp_encoders          125,379
  horizon_enc            25,539
  hyp_decoder            24,961
  temporal_proj          53,904
  out_proj               16,897

Param groups:
  decay         250,368  (wd=0.0001)
  no_decay        3,990  (wd=0)
  curvature           4  (wd=0.001, lr×0.1)

=======================================================
Training: netime_ECL_medium_perH_CI_CI_H96
=======================================================
  [1:50/561]  loss=0.82015  grad=0.171  lr=1.78e-05
  [1:100/561]  loss=0.66702  grad=1.180  lr=3.57e-05
  [1:150/561]  loss=0.45510  grad=0.705  lr=5.35e-05
  [1:200/561]  loss=0.34491  grad=0.599  lr=7.13e-05
  [1:250/561]  loss=0.32945  grad=0.427  lr=8.91e-05
  [1:300/561]  loss=0.31382  grad=0.431  lr=1.07e-04
  [1:350/561]  loss=0.27183  grad=0.348  lr=1.25e-04
  [1:400/561]  loss=0.28149  grad=0.509  lr=1.43e-04
  [1:450/561]  loss=0.24827  grad=0.420  lr=1.60e-04
  [1:500/561]  loss=0.25204  grad=0.395  lr=1.78e-04
  [1:550/561]  loss=0.23744  grad=0.391  lr=1.96e-04
Epoch 1 — train loss: 0.40512  (197.0s)
Epoch 1 — val   loss: 0.22032
  ✓ Saved checkpoint (val_loss=0.22032)
  [2:50/561]  loss=0.22894  grad=0.324  lr=2.18e-04
  [2:100/561]  loss=0.22500  grad=0.234  lr=2.36e-04
  [2:150/561]  loss=0.23967  grad=0.370  lr=2.53e-04
  [2:200/561]  loss=0.21009  grad=0.302  lr=2.71e-04
  [2:250/561]  loss=0.21915  grad=0.314  lr=2.89e-04
  [2:300/561]  loss=0.23178  grad=0.521  lr=3.07e-04
  [2:350/561]  loss=0.21945  grad=0.336  lr=3.25e-04
  [2:400/561]  loss=0.23622  grad=0.560  lr=3.43e-04
  [2:450/561]  loss=0.19210  grad=0.281  lr=3.60e-04
  [2:500/561]  loss=0.20571  grad=0.823  lr=3.78e-04
  [2:550/561]  loss=0.21068  grad=0.503  lr=3.96e-04
Epoch 2 — train loss: 0.22538  (196.2s)
Epoch 2 — val   loss: 0.19041
  ✓ Saved checkpoint (val_loss=0.19041)
  [3:50/561]  loss=0.20987  grad=0.495  lr=4.18e-04
  [3:100/561]  loss=0.22725  grad=0.639  lr=4.36e-04
  [3:150/561]  loss=0.20443  grad=0.544  lr=4.53e-04
  [3:200/561]  loss=0.22016  grad=0.389  lr=4.71e-04
  [3:250/561]  loss=0.18100  grad=0.416  lr=4.89e-04
  [3:300/561]  loss=0.20457  grad=0.461  lr=5.07e-04
  [3:350/561]  loss=0.21893  grad=0.356  lr=5.25e-04
  [3:400/561]  loss=0.19962  grad=0.425  lr=5.43e-04
  [3:450/561]  loss=0.22474  grad=0.411  lr=5.60e-04
  [3:500/561]  loss=0.19286  grad=0.486  lr=5.78e-04
  [3:550/561]  loss=0.20158  grad=0.513  lr=5.96e-04
Epoch 3 — train loss: 0.20900  (196.2s)
Epoch 3 — val   loss: 0.18177
  ✓ Saved checkpoint (val_loss=0.18177)
  [4:50/561]  loss=0.22956  grad=0.681  lr=6.18e-04
  [4:100/561]  loss=0.20698  grad=0.407  lr=6.36e-04
  [4:150/561]  loss=0.18013  grad=0.451  lr=6.53e-04
  [4:200/561]  loss=0.20535  grad=0.325  lr=6.71e-04
  [4:250/561]  loss=0.20539  grad=0.496  lr=6.89e-04
  [4:300/561]  loss=0.19137  grad=0.736  lr=7.07e-04
  [4:350/561]  loss=0.20293  grad=0.361  lr=7.25e-04
  [4:400/561]  loss=0.20876  grad=0.690  lr=7.43e-04
  [4:450/561]  loss=0.20086  grad=0.381  lr=7.60e-04
  [4:500/561]  loss=0.20708  grad=0.307  lr=7.78e-04
  [4:550/561]  loss=0.19960  grad=0.649  lr=7.96e-04
Epoch 4 — train loss: 0.20190  (196.1s)
Epoch 4 — val   loss: 0.18425
  [5:50/561]  loss=0.17436  grad=0.450  lr=8.18e-04
  [5:100/561]  loss=0.21327  grad=1.522  lr=8.36e-04
  [5:150/561]  loss=0.18255  grad=0.443  lr=8.53e-04
  [5:200/561]  loss=0.21209  grad=0.906  lr=8.71e-04
  [5:250/561]  loss=0.19352  grad=0.441  lr=8.89e-04
  [5:300/561]  loss=0.21141  grad=0.581  lr=9.07e-04
  [5:350/561]  loss=0.19568  grad=0.346  lr=9.25e-04
  [5:400/561]  loss=0.18380  grad=0.362  lr=9.43e-04
  [5:450/561]  loss=0.21796  grad=0.466  lr=9.60e-04
  [5:500/561]  loss=0.19228  grad=0.391  lr=9.78e-04
  [5:550/561]  loss=0.19695  grad=0.692  lr=9.96e-04
Epoch 5 — train loss: 0.19883  (196.1s)
Epoch 5 — val   loss: 0.17451
  ✓ Saved checkpoint (val_loss=0.17451)
  [6:50/561]  loss=0.19878  grad=0.400  lr=1.00e-03
  [6:100/561]  loss=0.18555  grad=0.644  lr=1.00e-03
  [6:150/561]  loss=0.21116  grad=0.423  lr=1.00e-03
  [6:200/561]  loss=0.20597  grad=0.501  lr=1.00e-03
  [6:250/561]  loss=0.18952  grad=0.503  lr=1.00e-03
  [6:300/561]  loss=0.18470  grad=0.419  lr=1.00e-03
  [6:350/561]  loss=0.16910  grad=0.404  lr=1.00e-03
  [6:400/561]  loss=0.20529  grad=0.324  lr=9.99e-04
  [6:450/561]  loss=0.21243  grad=0.432  lr=9.99e-04
  [6:500/561]  loss=0.21371  grad=0.465  lr=9.99e-04
  [6:550/561]  loss=0.22703  grad=0.375  lr=9.99e-04
Epoch 6 — train loss: 0.19624  (196.2s)
Epoch 6 — val   loss: 0.17338
  ✓ Saved checkpoint (val_loss=0.17338)
  [7:50/561]  loss=0.21239  grad=0.810  lr=9.99e-04
  [7:100/561]  loss=0.19467  grad=0.622  lr=9.98e-04
  [7:150/561]  loss=0.18086  grad=0.580  lr=9.98e-04
  [7:200/561]  loss=0.17916  grad=0.534  lr=9.98e-04
  [7:250/561]  loss=0.20857  grad=0.312  lr=9.97e-04
  [7:300/561]  loss=0.20809  grad=0.222  lr=9.97e-04
  [7:350/561]  loss=0.19341  grad=0.670  lr=9.97e-04
  [7:400/561]  loss=0.19462  grad=0.635  lr=9.96e-04
  [7:450/561]  loss=0.22044  grad=0.281  lr=9.96e-04
  [7:500/561]  loss=0.18163  grad=0.257  lr=9.96e-04
  [7:550/561]  loss=0.18497  grad=0.470  lr=9.95e-04
Epoch 7 — train loss: 0.19417  (196.2s)
Epoch 7 — val   loss: 0.17047
  ✓ Saved checkpoint (val_loss=0.17047)
  [8:50/561]  loss=0.18413  grad=0.249  lr=9.95e-04
  [8:100/561]  loss=0.19579  grad=0.626  lr=9.94e-04
  [8:150/561]  loss=0.19963  grad=0.745  lr=9.94e-04
  [8:200/561]  loss=0.19833  grad=0.385  lr=9.93e-04
  [8:250/561]  loss=0.18276  grad=0.301  lr=9.93e-04
  [8:300/561]  loss=0.23097  grad=0.700  lr=9.92e-04
  [8:350/561]  loss=0.19074  grad=0.476  lr=9.92e-04
  [8:400/561]  loss=0.20826  grad=0.477  lr=9.91e-04
  [8:450/561]  loss=0.19296  grad=0.479  lr=9.90e-04
  [8:500/561]  loss=0.18508  grad=0.303  lr=9.90e-04
  [8:550/561]  loss=0.17235  grad=0.488  lr=9.89e-04
Epoch 8 — train loss: 0.19268  (196.1s)
Epoch 8 — val   loss: 0.16684
  ✓ Saved checkpoint (val_loss=0.16684)
  [9:50/561]  loss=0.19546  grad=0.501  lr=9.88e-04
  [9:100/561]  loss=0.18049  grad=0.343  lr=9.88e-04
  [9:150/561]  loss=0.19904  grad=0.242  lr=9.87e-04
  [9:200/561]  loss=0.20501  grad=0.166  lr=9.86e-04
  [9:250/561]  loss=0.18529  grad=0.189  lr=9.86e-04
  [9:300/561]  loss=0.17892  grad=0.247  lr=9.85e-04
  [9:350/561]  loss=0.19887  grad=0.332  lr=9.84e-04
  [9:400/561]  loss=0.19070  grad=0.436  lr=9.83e-04
  [9:450/561]  loss=0.19206  grad=0.340  lr=9.82e-04
  [9:500/561]  loss=0.18301  grad=0.251  lr=9.82e-04
  [9:550/561]  loss=0.18121  grad=0.604  lr=9.81e-04
Epoch 9 — train loss: 0.19135  (196.2s)
Epoch 9 — val   loss: 0.17414
  [10:50/561]  loss=0.19354  grad=0.366  lr=9.80e-04
  [10:100/561]  loss=0.19470  grad=0.466  lr=9.79e-04
  [10:150/561]  loss=0.19334  grad=0.165  lr=9.78e-04
  [10:200/561]  loss=0.19125  grad=0.176  lr=9.77e-04
  [10:250/561]  loss=0.19265  grad=0.380  lr=9.76e-04
  [10:300/561]  loss=0.18090  grad=0.136  lr=9.75e-04
  [10:350/561]  loss=0.19637  grad=0.499  lr=9.74e-04
  [10:400/561]  loss=0.18105  grad=0.174  lr=9.73e-04
  [10:450/561]  loss=0.18305  grad=0.267  lr=9.72e-04
  [10:500/561]  loss=0.19063  grad=0.247  lr=9.71e-04
  [10:550/561]  loss=0.17411  grad=0.279  lr=9.70e-04
Epoch 10 — train loss: 0.19015  (196.3s)
Epoch 10 — val   loss: 0.17183
  [11:50/561]  loss=0.18343  grad=0.278  lr=9.69e-04
  [11:100/561]  loss=0.18119  grad=0.209  lr=9.68e-04
  [11:150/561]  loss=0.21856  grad=0.282  lr=9.67e-04
  [11:200/561]  loss=0.18877  grad=0.300  lr=9.65e-04
  [11:250/561]  loss=0.21749  grad=0.645  lr=9.64e-04
  [11:300/561]  loss=0.17967  grad=0.382  lr=9.63e-04
  [11:350/561]  loss=0.19833  grad=0.330  lr=9.62e-04
  [11:400/561]  loss=0.17583  grad=0.424  lr=9.61e-04
  [11:450/561]  loss=0.18469  grad=0.224  lr=9.60e-04
  [11:500/561]  loss=0.19310  grad=0.401  lr=9.58e-04
  [11:550/561]  loss=0.17933  grad=0.311  lr=9.57e-04
Epoch 11 — train loss: 0.18953  (196.2s)
Epoch 11 — val   loss: 0.17151
  [12:50/561]  loss=0.19527  grad=0.152  lr=9.55e-04
  [12:100/561]  loss=0.18746  grad=0.403  lr=9.54e-04
  [12:150/561]  loss=0.17061  grad=0.154  lr=9.53e-04
  [12:200/561]  loss=0.18112  grad=0.254  lr=9.52e-04
  [12:250/561]  loss=0.18993  grad=0.295  lr=9.50e-04
  [12:300/561]  loss=0.20230  grad=0.308  lr=9.49e-04
  [12:350/561]  loss=0.21127  grad=0.163  lr=9.47e-04
  [12:400/561]  loss=0.18617  grad=0.579  lr=9.46e-04
  [12:450/561]  loss=0.20001  grad=0.266  lr=9.45e-04
  [12:500/561]  loss=0.18612  grad=0.212  lr=9.43e-04
  [12:550/561]  loss=0.18595  grad=0.218  lr=9.42e-04
Epoch 12 — train loss: 0.18856  (196.1s)
Epoch 12 — val   loss: 0.17301
  [13:50/561]  loss=0.17982  grad=0.297  lr=9.40e-04
  [13:100/561]  loss=0.17095  grad=0.295  lr=9.39e-04
  [13:150/561]  loss=0.19529  grad=0.225  lr=9.37e-04
  [13:200/561]  loss=0.18840  grad=0.445  lr=9.35e-04
  [13:250/561]  loss=0.19631  grad=0.211  lr=9.34e-04
  [13:300/561]  loss=0.18399  grad=0.538  lr=9.32e-04
  [13:350/561]  loss=0.20368  grad=0.150  lr=9.31e-04
  [13:400/561]  loss=0.18325  grad=0.367  lr=9.29e-04
  [13:450/561]  loss=0.18570  grad=0.272  lr=9.28e-04
  [13:500/561]  loss=0.21792  grad=0.717  lr=9.26e-04
  [13:550/561]  loss=0.17800  grad=0.243  lr=9.24e-04
Epoch 13 — train loss: 0.18789  (196.2s)
Epoch 13 — val   loss: 0.16610
  ✓ Saved checkpoint (val_loss=0.16610)
  [14:50/561]  loss=0.19162  grad=0.196  lr=9.22e-04
  [14:100/561]  loss=0.20032  grad=0.354  lr=9.21e-04
  [14:150/561]  loss=0.20191  grad=0.219  lr=9.19e-04
  [14:200/561]  loss=0.16777  grad=0.177  lr=9.17e-04
  [14:250/561]  loss=0.18780  grad=0.300  lr=9.16e-04
  [14:300/561]  loss=0.18841  grad=0.233  lr=9.14e-04
  [14:350/561]  loss=0.20386  grad=0.480  lr=9.12e-04
  [14:400/561]  loss=0.19676  grad=0.317  lr=9.10e-04
  [14:450/561]  loss=0.17970  grad=0.187  lr=9.09e-04
  [14:500/561]  loss=0.18557  grad=0.308  lr=9.07e-04
  [14:550/561]  loss=0.15876  grad=0.471  lr=9.05e-04
Epoch 14 — train loss: 0.18711  (196.3s)
Epoch 14 — val   loss: 0.16480
  ✓ Saved checkpoint (val_loss=0.16480)
  [15:50/561]  loss=0.23025  grad=0.467  lr=9.03e-04
  [15:100/561]  loss=0.19298  grad=0.200  lr=9.01e-04
  [15:150/561]  loss=0.21058  grad=0.136  lr=8.99e-04
  [15:200/561]  loss=0.17932  grad=0.226  lr=8.97e-04
  [15:250/561]  loss=0.22191  grad=0.626  lr=8.95e-04
  [15:300/561]  loss=0.19028  grad=0.241  lr=8.93e-04
  [15:350/561]  loss=0.19263  grad=0.308  lr=8.91e-04
  [15:400/561]  loss=0.17786  grad=0.196  lr=8.89e-04
  [15:450/561]  loss=0.19996  grad=0.284  lr=8.87e-04
  [15:500/561]  loss=0.19873  grad=0.381  lr=8.85e-04
  [15:550/561]  loss=0.18685  grad=0.702  lr=8.83e-04
Epoch 15 — train loss: 0.18636  (196.2s)
Epoch 15 — val   loss: 0.17273
  [16:50/561]  loss=0.19485  grad=0.273  lr=8.81e-04
  [16:100/561]  loss=0.18761  grad=0.154  lr=8.79e-04
  [16:150/561]  loss=0.17684  grad=0.655  lr=8.77e-04
  [16:200/561]  loss=0.18172  grad=0.208  lr=8.75e-04
  [16:250/561]  loss=0.17746  grad=0.399  lr=8.73e-04
  [16:300/561]  loss=0.19309  grad=0.276  lr=8.71e-04
  [16:350/561]  loss=0.17950  grad=0.264  lr=8.69e-04
  [16:400/561]  loss=0.22020  grad=0.194  lr=8.67e-04
  [16:450/561]  loss=0.17843  grad=0.183  lr=8.64e-04
  [16:500/561]  loss=0.18444  grad=0.308  lr=8.62e-04
  [16:550/561]  loss=0.18067  grad=0.317  lr=8.60e-04
Epoch 16 — train loss: 0.18596  (196.1s)
Epoch 16 — val   loss: 0.16710
  [17:50/561]  loss=0.19067  grad=0.202  lr=8.58e-04
  [17:100/561]  loss=0.20717  grad=0.246  lr=8.55e-04
  [17:150/561]  loss=0.18321  grad=0.218  lr=8.53e-04
  [17:200/561]  loss=0.18612  grad=0.110  lr=8.51e-04
  [17:250/561]  loss=0.19981  grad=2.707  lr=8.49e-04
  [17:300/561]  loss=0.18178  grad=0.291  lr=8.46e-04
  [17:350/561]  loss=0.20104  grad=0.901  lr=8.44e-04
  [17:400/561]  loss=0.15946  grad=0.145  lr=8.42e-04
  [17:450/561]  loss=0.17411  grad=0.108  lr=8.40e-04
  [17:500/561]  loss=0.17857  grad=0.488  lr=8.37e-04
  [17:550/561]  loss=0.18055  grad=0.175  lr=8.35e-04
Epoch 17 — train loss: 0.18500  (196.2s)
Epoch 17 — val   loss: 0.16866
  [18:50/561]  loss=0.20701  grad=0.764  lr=8.32e-04
  [18:100/561]  loss=0.17551  grad=0.229  lr=8.30e-04
  [18:150/561]  loss=0.17778  grad=0.110  lr=8.28e-04
  [18:200/561]  loss=0.19332  grad=0.188  lr=8.25e-04
  [18:250/561]  loss=0.17282  grad=0.089  lr=8.23e-04
  [18:300/561]  loss=0.20361  grad=2.044  lr=8.20e-04
  [18:350/561]  loss=0.17226  grad=0.495  lr=8.18e-04
  [18:400/561]  loss=0.19568  grad=0.238  lr=8.16e-04
  [18:450/561]  loss=0.18377  grad=0.267  lr=8.13e-04
  [18:500/561]  loss=0.16846  grad=0.218  lr=8.11e-04
  [18:550/561]  loss=0.17194  grad=0.289  lr=8.08e-04
Epoch 18 — train loss: 0.18468  (196.2s)
Epoch 18 — val   loss: 0.17357
  [19:50/561]  loss=0.16898  grad=0.098  lr=8.05e-04
  [19:100/561]  loss=0.18923  grad=0.140  lr=8.03e-04
  [19:150/561]  loss=0.19150  grad=0.376  lr=8.00e-04
  [19:200/561]  loss=0.16550  grad=0.181  lr=7.98e-04
  [19:250/561]  loss=0.17617  grad=0.659  lr=7.95e-04
  [19:300/561]  loss=0.20270  grad=0.215  lr=7.93e-04
  [19:350/561]  loss=0.18650  grad=0.197  lr=7.90e-04
  [19:400/561]  loss=0.17819  grad=0.270  lr=7.88e-04
  [19:450/561]  loss=0.19401  grad=0.251  lr=7.85e-04
  [19:500/561]  loss=0.18488  grad=0.112  lr=7.83e-04
  [19:550/561]  loss=0.17090  grad=0.155  lr=7.80e-04
Epoch 19 — train loss: 0.18385  (196.1s)
Epoch 19 — val   loss: 0.16580
  [20:50/561]  loss=0.17830  grad=0.278  lr=7.77e-04
  [20:100/561]  loss=0.17226  grad=0.162  lr=7.74e-04
  [20:150/561]  loss=0.17895  grad=0.224  lr=7.72e-04
  [20:200/561]  loss=0.20186  grad=0.156  lr=7.69e-04
  [20:250/561]  loss=0.18579  grad=0.285  lr=7.67e-04
  [20:300/561]  loss=0.17647  grad=0.242  lr=7.64e-04
  [20:350/561]  loss=0.18876  grad=0.343  lr=7.61e-04
  [20:400/561]  loss=0.17096  grad=0.303  lr=7.59e-04
  [20:450/561]  loss=0.19032  grad=0.293  lr=7.56e-04
  [20:500/561]  loss=0.18665  grad=0.284  lr=7.53e-04
  [20:550/561]  loss=0.17196  grad=0.143  lr=7.51e-04
Epoch 20 — train loss: 0.18353  (196.2s)
Epoch 20 — val   loss: 0.16320
  ✓ Saved checkpoint (val_loss=0.16320)
  [21:50/561]  loss=0.18674  grad=0.155  lr=7.47e-04
  [21:100/561]  loss=0.18333  grad=0.178  lr=7.45e-04
  [21:150/561]  loss=0.19921  grad=0.132  lr=7.42e-04
  [21:200/561]  loss=0.18230  grad=0.310  lr=7.39e-04
  [21:250/561]  loss=0.19351  grad=0.201  lr=7.36e-04
  [21:300/561]  loss=0.17697  grad=0.181  lr=7.34e-04
  [21:350/561]  loss=0.18207  grad=0.174  lr=7.31e-04
  [21:400/561]  loss=0.18018  grad=0.166  lr=7.28e-04
  [21:450/561]  loss=0.20451  grad=0.317  lr=7.25e-04
  [21:500/561]  loss=0.18281  grad=0.102  lr=7.23e-04
  [21:550/561]  loss=0.17702  grad=0.183  lr=7.20e-04
Epoch 21 — train loss: 0.18273  (196.3s)
Epoch 21 — val   loss: 0.17122
  [22:50/561]  loss=0.17021  grad=0.188  lr=7.16e-04
  [22:100/561]  loss=0.17975  grad=0.252  lr=7.14e-04
  [22:150/561]  loss=0.17117  grad=0.240  lr=7.11e-04
  [22:200/561]  loss=0.17358  grad=0.902  lr=7.08e-04
  [22:250/561]  loss=0.18738  grad=0.143  lr=7.05e-04
  [22:300/561]  loss=0.16883  grad=0.232  lr=7.02e-04
  [22:350/561]  loss=0.20066  grad=0.335  lr=6.99e-04
  [22:400/561]  loss=0.17585  grad=0.335  lr=6.97e-04
  [22:450/561]  loss=0.19432  grad=0.275  lr=6.94e-04
  [22:500/561]  loss=0.20149  grad=0.115  lr=6.91e-04
  [22:550/561]  loss=0.19530  grad=0.285  lr=6.88e-04
Epoch 22 — train loss: 0.18252  (196.3s)
Epoch 22 — val   loss: 0.16404
  [23:50/561]  loss=0.16013  grad=0.178  lr=6.84e-04
  [23:100/561]  loss=0.18414  grad=0.448  lr=6.82e-04
  [23:150/561]  loss=0.17328  grad=0.266  lr=6.79e-04
  [23:200/561]  loss=0.17302  grad=0.218  lr=6.76e-04
  [23:250/561]  loss=0.17085  grad=0.190  lr=6.73e-04
  [23:300/561]  loss=0.17358  grad=0.189  lr=6.70e-04
  [23:350/561]  loss=0.17292  grad=0.602  lr=6.67e-04
  [23:400/561]  loss=0.18192  grad=0.155  lr=6.64e-04
  [23:450/561]  loss=0.17348  grad=0.142  lr=6.61e-04
  [23:500/561]  loss=0.16788  grad=0.247  lr=6.58e-04
  [23:550/561]  loss=0.16257  grad=0.459  lr=6.55e-04
Epoch 23 — train loss: 0.18194  (196.1s)
Epoch 23 — val   loss: 0.16324
  [24:50/561]  loss=0.16622  grad=0.155  lr=6.52e-04
  [24:100/561]  loss=0.18447  grad=0.295  lr=6.49e-04
  [24:150/561]  loss=0.19695  grad=0.173  lr=6.46e-04
  [24:200/561]  loss=0.19208  grad=0.126  lr=6.43e-04
  [24:250/561]  loss=0.18693  grad=0.104  lr=6.40e-04
  [24:300/561]  loss=0.18652  grad=0.238  lr=6.37e-04
  [24:350/561]  loss=0.17211  grad=0.257  lr=6.34e-04
  [24:400/561]  loss=0.16578  grad=0.430  lr=6.31e-04
  [24:450/561]  loss=0.18502  grad=0.176  lr=6.28e-04
  [24:500/561]  loss=0.17688  grad=0.171  lr=6.25e-04
  [24:550/561]  loss=0.18200  grad=0.239  lr=6.22e-04
Epoch 24 — train loss: 0.18175  (196.2s)
Epoch 24 — val   loss: 0.16226
  ✓ Saved checkpoint (val_loss=0.16226)
  [25:50/561]  loss=0.20513  grad=0.409  lr=6.18e-04
  [25:100/561]  loss=0.19141  grad=0.236  lr=6.15e-04
  [25:150/561]  loss=0.18316  grad=0.249  lr=6.12e-04
  [25:200/561]  loss=0.17284  grad=0.298  lr=6.09e-04
  [25:250/561]  loss=0.16593  grad=0.108  lr=6.06e-04
  [25:300/561]  loss=0.16243  grad=0.079  lr=6.03e-04
  [25:350/561]  loss=0.18852  grad=0.254  lr=6.00e-04
  [25:400/561]  loss=0.18566  grad=0.176  lr=5.97e-04
  [25:450/561]  loss=0.18198  grad=0.147  lr=5.94e-04
  [25:500/561]  loss=0.16783  grad=0.293  lr=5.91e-04
  [25:550/561]  loss=0.17384  grad=0.155  lr=5.87e-04
Epoch 25 — train loss: 0.18122  (196.3s)
Epoch 25 — val   loss: 0.16423
  [26:50/561]  loss=0.21072  grad=0.292  lr=5.84e-04
  [26:100/561]  loss=0.17998  grad=0.279  lr=5.81e-04
  [26:150/561]  loss=0.19492  grad=0.086  lr=5.78e-04
  [26:200/561]  loss=0.16564  grad=0.257  lr=5.75e-04
  [26:250/561]  loss=0.16188  grad=0.252  lr=5.71e-04
  [26:300/561]  loss=0.17999  grad=0.097  lr=5.68e-04
  [26:350/561]  loss=0.17117  grad=0.190  lr=5.65e-04
  [26:400/561]  loss=0.19082  grad=0.122  lr=5.62e-04
  [26:450/561]  loss=0.16696  grad=0.119  lr=5.59e-04
  [26:500/561]  loss=0.18986  grad=0.203  lr=5.56e-04
  [26:550/561]  loss=0.17999  grad=0.133  lr=5.53e-04
Epoch 26 — train loss: 0.18091  (196.2s)
Epoch 26 — val   loss: 0.16932
  [27:50/561]  loss=0.18793  grad=0.140  lr=5.49e-04
  [27:100/561]  loss=0.19491  grad=0.187  lr=5.46e-04
  [27:150/561]  loss=0.17967  grad=0.126  lr=5.43e-04
  [27:200/561]  loss=0.19520  grad=0.213  lr=5.40e-04
  [27:250/561]  loss=0.19337  grad=0.177  lr=5.37e-04
  [27:300/561]  loss=0.17369  grad=0.231  lr=5.34e-04
  [27:350/561]  loss=0.20994  grad=0.112  lr=5.31e-04
  [27:400/561]  loss=0.17073  grad=0.137  lr=5.27e-04
  [27:450/561]  loss=0.18237  grad=0.262  lr=5.24e-04
  [27:500/561]  loss=0.19378  grad=0.164  lr=5.21e-04
  [27:550/561]  loss=0.17267  grad=0.189  lr=5.18e-04
Epoch 27 — train loss: 0.18065  (196.3s)
Epoch 27 — val   loss: 0.16271
  [28:50/561]  loss=0.17668  grad=0.077  lr=5.14e-04
  [28:100/561]  loss=0.17452  grad=0.331  lr=5.11e-04
  [28:150/561]  loss=0.21441  grad=0.204  lr=5.08e-04
  [28:200/561]  loss=0.16594  grad=0.211  lr=5.05e-04
  [28:250/561]  loss=0.17796  grad=0.333  lr=5.02e-04
  [28:300/561]  loss=0.17637  grad=0.136  lr=4.99e-04
  [28:350/561]  loss=0.17176  grad=0.156  lr=4.96e-04
  [28:400/561]  loss=0.18115  grad=0.203  lr=4.93e-04
  [28:450/561]  loss=0.16344  grad=0.222  lr=4.89e-04
  [28:500/561]  loss=0.17001  grad=0.237  lr=4.86e-04
  [28:550/561]  loss=0.17171  grad=0.201  lr=4.83e-04
Epoch 28 — train loss: 0.18017  (196.2s)
Epoch 28 — val   loss: 0.16609
  [29:50/561]  loss=0.17314  grad=0.344  lr=4.79e-04
  [29:100/561]  loss=0.16069  grad=0.276  lr=4.76e-04
  [29:150/561]  loss=0.17768  grad=0.121  lr=4.73e-04
  [29:200/561]  loss=0.17741  grad=0.226  lr=4.70e-04
  [29:250/561]  loss=0.17075  grad=0.129  lr=4.67e-04
  [29:300/561]  loss=0.17464  grad=0.093  lr=4.64e-04
  [29:350/561]  loss=0.17410  grad=0.096  lr=4.61e-04
  [29:400/561]  loss=0.20902  grad=0.122  lr=4.58e-04
  [29:450/561]  loss=0.17474  grad=0.219  lr=4.55e-04
  [29:500/561]  loss=0.17024  grad=0.198  lr=4.52e-04
  [29:550/561]  loss=0.16018  grad=0.256  lr=4.48e-04
Epoch 29 — train loss: 0.18001  (196.2s)
Epoch 29 — val   loss: 0.16126
  ✓ Saved checkpoint (val_loss=0.16126)
  [30:50/561]  loss=0.20784  grad=0.189  lr=4.45e-04
  [30:100/561]  loss=0.19649  grad=0.340  lr=4.42e-04
  [30:150/561]  loss=0.19094  grad=0.251  lr=4.38e-04
  [30:200/561]  loss=0.20236  grad=0.322  lr=4.35e-04
  [30:250/561]  loss=0.17436  grad=0.168  lr=4.32e-04
  [30:300/561]  loss=0.18215  grad=0.225  lr=4.29e-04
  [30:350/561]  loss=0.17815  grad=0.182  lr=4.26e-04
  [30:400/561]  loss=0.20195  grad=0.302  lr=4.23e-04
  [30:450/561]  loss=0.17733  grad=0.155  lr=4.20e-04
  [30:500/561]  loss=0.17565  grad=0.191  lr=4.17e-04
  [30:550/561]  loss=0.18390  grad=0.175  lr=4.14e-04
Epoch 30 — train loss: 0.17966  (196.2s)
Epoch 30 — val   loss: 0.16336
  [31:50/561]  loss=0.17078  grad=0.219  lr=4.10e-04
  [31:100/561]  loss=0.18552  grad=0.151  lr=4.07e-04
  [31:150/561]  loss=0.18724  grad=0.364  lr=4.04e-04
  [31:200/561]  loss=0.16319  grad=0.154  lr=4.01e-04
  [31:250/561]  loss=0.16944  grad=0.167  lr=3.98e-04
  [31:300/561]  loss=0.18731  grad=0.157  lr=3.95e-04
  [31:350/561]  loss=0.17239  grad=0.108  lr=3.92e-04
  [31:400/561]  loss=0.17125  grad=0.318  lr=3.89e-04
  [31:450/561]  loss=0.18884  grad=0.207  lr=3.86e-04
  [31:500/561]  loss=0.19278  grad=0.152  lr=3.83e-04
  [31:550/561]  loss=0.17536  grad=0.177  lr=3.80e-04
Epoch 31 — train loss: 0.17939  (196.2s)
Epoch 31 — val   loss: 0.16215
  [32:50/561]  loss=0.17984  grad=0.224  lr=3.76e-04
  [32:100/561]  loss=0.18242  grad=0.119  lr=3.73e-04
  [32:150/561]  loss=0.18073  grad=0.124  lr=3.70e-04
  [32:200/561]  loss=0.17093  grad=0.176  lr=3.67e-04
  [32:250/561]  loss=0.18927  grad=0.166  lr=3.64e-04
  [32:300/561]  loss=0.18677  grad=0.145  lr=3.61e-04
  [32:350/561]  loss=0.17578  grad=0.379  lr=3.58e-04
  [32:400/561]  loss=0.16823  grad=0.170  lr=3.55e-04
  [32:450/561]  loss=0.17207  grad=0.274  lr=3.52e-04
  [32:500/561]  loss=0.16505  grad=0.202  lr=3.49e-04
  [32:550/561]  loss=0.18295  grad=0.154  lr=3.46e-04
Epoch 32 — train loss: 0.17927  (196.3s)
Epoch 32 — val   loss: 0.16159
  [33:50/561]  loss=0.18937  grad=0.156  lr=3.43e-04
  [33:100/561]  loss=0.17413  grad=0.125  lr=3.40e-04
  [33:150/561]  loss=0.17342  grad=0.158  lr=3.37e-04
  [33:200/561]  loss=0.18614  grad=0.230  lr=3.34e-04
  [33:250/561]  loss=0.17549  grad=0.146  lr=3.31e-04
  [33:300/561]  loss=0.16781  grad=0.113  lr=3.28e-04
  [33:350/561]  loss=0.19302  grad=0.165  lr=3.25e-04
  [33:400/561]  loss=0.16864  grad=0.124  lr=3.22e-04
  [33:450/561]  loss=0.17938  grad=0.227  lr=3.19e-04
  [33:500/561]  loss=0.17062  grad=0.242  lr=3.16e-04
  [33:550/561]  loss=0.17629  grad=0.152  lr=3.13e-04
Epoch 33 — train loss: 0.17871  (196.5s)
Epoch 33 — val   loss: 0.16596
  [34:50/561]  loss=0.17545  grad=0.139  lr=3.10e-04
  [34:100/561]  loss=0.18733  grad=0.443  lr=3.07e-04
  [34:150/561]  loss=0.16029  grad=0.164  lr=3.04e-04
  [34:200/561]  loss=0.16347  grad=0.190  lr=3.01e-04
  [34:250/561]  loss=0.17856  grad=0.134  lr=2.98e-04
  [34:300/561]  loss=0.16114  grad=0.176  lr=2.96e-04
  [34:350/561]  loss=0.18547  grad=0.128  lr=2.93e-04
  [34:400/561]  loss=0.17462  grad=0.161  lr=2.90e-04
  [34:450/561]  loss=0.18263  grad=0.323  lr=2.87e-04
  [34:500/561]  loss=0.16587  grad=0.090  lr=2.84e-04
  [34:550/561]  loss=0.18658  grad=0.180  lr=2.81e-04
Epoch 34 — train loss: 0.17879  (196.4s)
Epoch 34 — val   loss: 0.16484
  [35:50/561]  loss=0.17197  grad=0.173  lr=2.78e-04
  [35:100/561]  loss=0.17255  grad=0.175  lr=2.75e-04
  [35:150/561]  loss=0.17781  grad=0.074  lr=2.72e-04
  [35:200/561]  loss=0.18605  grad=0.103  lr=2.70e-04
  [35:250/561]  loss=0.16384  grad=0.134  lr=2.67e-04
  [35:300/561]  loss=0.17327  grad=0.307  lr=2.64e-04
  [35:350/561]  loss=0.20261  grad=0.211  lr=2.61e-04
  [35:400/561]  loss=0.17905  grad=0.112  lr=2.59e-04
  [35:450/561]  loss=0.19577  grad=0.211  lr=2.56e-04
  [35:500/561]  loss=0.19208  grad=0.099  lr=2.53e-04
  [35:550/561]  loss=0.18125  grad=0.156  lr=2.51e-04
Epoch 35 — train loss: 0.17845  (196.4s)
Epoch 35 — val   loss: 0.16421
  [36:50/561]  loss=0.18198  grad=0.107  lr=2.47e-04
  [36:100/561]  loss=0.17823  grad=0.118  lr=2.45e-04
  [36:150/561]  loss=0.15304  grad=0.137  lr=2.42e-04
  [36:200/561]  loss=0.16873  grad=0.304  lr=2.39e-04
  [36:250/561]  loss=0.19426  grad=0.192  lr=2.37e-04
  [36:300/561]  loss=0.18664  grad=0.201  lr=2.34e-04
  [36:350/561]  loss=0.21040  grad=0.179  lr=2.31e-04
  [36:400/561]  loss=0.17858  grad=0.169  lr=2.29e-04
  [36:450/561]  loss=0.19724  grad=0.123  lr=2.26e-04
  [36:500/561]  loss=0.16218  grad=0.555  lr=2.24e-04
  [36:550/561]  loss=0.18620  grad=0.308  lr=2.21e-04
Epoch 36 — train loss: 0.17834  (196.5s)
Epoch 36 — val   loss: 0.16154
  [37:50/561]  loss=0.18071  grad=0.143  lr=2.18e-04
  [37:100/561]  loss=0.21066  grad=0.353  lr=2.15e-04
  [37:150/561]  loss=0.18519  grad=0.244  lr=2.13e-04
  [37:200/561]  loss=0.17755  grad=0.121  lr=2.10e-04
  [37:250/561]  loss=0.17143  grad=0.104  lr=2.08e-04
  [37:300/561]  loss=0.18018  grad=0.096  lr=2.05e-04
  [37:350/561]  loss=0.18687  grad=0.148  lr=2.03e-04
  [37:400/561]  loss=0.15498  grad=0.094  lr=2.00e-04
  [37:450/561]  loss=0.19249  grad=0.117  lr=1.98e-04
  [37:500/561]  loss=0.16082  grad=0.107  lr=1.95e-04
  [37:550/561]  loss=0.16896  grad=0.153  lr=1.93e-04
Epoch 37 — train loss: 0.17813  (196.7s)
Epoch 37 — val   loss: 0.16243
  [38:50/561]  loss=0.16690  grad=0.071  lr=1.90e-04
  [38:100/561]  loss=0.16767  grad=0.263  lr=1.87e-04
  [38:150/561]  loss=0.16199  grad=0.125  lr=1.85e-04
  [38:200/561]  loss=0.15868  grad=0.226  lr=1.82e-04
  [38:250/561]  loss=0.18973  grad=0.171  lr=1.80e-04
  [38:300/561]  loss=0.18469  grad=0.190  lr=1.78e-04
  [38:350/561]  loss=0.18680  grad=0.121  lr=1.75e-04
  [38:400/561]  loss=0.16520  grad=0.218  lr=1.73e-04
  [38:450/561]  loss=0.17169  grad=0.073  lr=1.71e-04
  [38:500/561]  loss=0.17821  grad=0.121  lr=1.68e-04
  [38:550/561]  loss=0.17655  grad=0.305  lr=1.66e-04
Epoch 38 — train loss: 0.17792  (196.9s)
Epoch 38 — val   loss: 0.16246
  [39:50/561]  loss=0.16284  grad=0.092  lr=1.63e-04
  [39:100/561]  loss=0.16645  grad=0.122  lr=1.61e-04
  [39:150/561]  loss=0.16995  grad=0.132  lr=1.59e-04
  [39:200/561]  loss=0.17058  grad=0.115  lr=1.56e-04
  [39:250/561]  loss=0.17443  grad=0.148  lr=1.54e-04
  [39:300/561]  loss=0.15889  grad=0.142  lr=1.52e-04
  [39:350/561]  loss=0.16819  grad=0.126  lr=1.50e-04
  [39:400/561]  loss=0.18878  grad=0.118  lr=1.47e-04
  [39:450/561]  loss=0.17740  grad=0.277  lr=1.45e-04
  [39:500/561]  loss=0.16538  grad=0.175  lr=1.43e-04
  [39:550/561]  loss=0.18284  grad=0.205  lr=1.41e-04
Epoch 39 — train loss: 0.17757  (196.9s)
Epoch 39 — val   loss: 0.16168
  [40:50/561]  loss=0.16785  grad=0.137  lr=1.38e-04
  [40:100/561]  loss=0.17860  grad=0.180  lr=1.36e-04
  [40:150/561]  loss=0.16716  grad=0.093  lr=1.34e-04
  [40:200/561]  loss=0.17747  grad=0.152  lr=1.32e-04
  [40:250/561]  loss=0.18935  grad=0.131  lr=1.30e-04
  [40:300/561]  loss=0.17321  grad=0.157  lr=1.28e-04
  [40:350/561]  loss=0.17474  grad=0.102  lr=1.26e-04
  [40:400/561]  loss=0.18653  grad=0.166  lr=1.23e-04
  [40:450/561]  loss=0.18073  grad=0.355  lr=1.21e-04
  [40:500/561]  loss=0.18677  grad=0.464  lr=1.19e-04
  [40:550/561]  loss=0.16996  grad=0.078  lr=1.17e-04
Epoch 40 — train loss: 0.17762  (197.0s)
Epoch 40 — val   loss: 0.16334
  [41:50/561]  loss=0.17940  grad=0.199  lr=1.15e-04
  [41:100/561]  loss=0.17200  grad=0.125  lr=1.13e-04
  [41:150/561]  loss=0.17154  grad=0.134  lr=1.11e-04
  [41:200/561]  loss=0.16003  grad=0.068  lr=1.09e-04
  [41:250/561]  loss=0.16813  grad=0.137  lr=1.07e-04
  [41:300/561]  loss=0.18562  grad=0.185  lr=1.05e-04
  [41:350/561]  loss=0.19424  grad=0.149  lr=1.03e-04
  [41:400/561]  loss=0.19106  grad=0.206  lr=1.01e-04
  [41:450/561]  loss=0.18780  grad=0.166  lr=9.96e-05
  [41:500/561]  loss=0.18341  grad=0.146  lr=9.77e-05
  [41:550/561]  loss=0.15810  grad=0.080  lr=9.59e-05
Epoch 41 — train loss: 0.17740  (197.0s)
Epoch 41 — val   loss: 0.16266
  [42:50/561]  loss=0.17171  grad=0.088  lr=9.37e-05
  [42:100/561]  loss=0.17151  grad=0.189  lr=9.19e-05
  [42:150/561]  loss=0.17280  grad=0.118  lr=9.01e-05
  [42:200/561]  loss=0.16792  grad=0.255  lr=8.83e-05
  [42:250/561]  loss=0.15308  grad=0.079  lr=8.65e-05
  [42:300/561]  loss=0.16941  grad=0.303  lr=8.48e-05
  [42:350/561]  loss=0.19885  grad=0.218  lr=8.31e-05
  [42:400/561]  loss=0.17374  grad=0.148  lr=8.14e-05
  [42:450/561]  loss=0.17658  grad=0.263  lr=7.97e-05
  [42:500/561]  loss=0.17597  grad=0.088  lr=7.80e-05
  [42:550/561]  loss=0.17696  grad=0.190  lr=7.63e-05
Epoch 42 — train loss: 0.17733  (196.9s)
Epoch 42 — val   loss: 0.16203
  [43:50/561]  loss=0.17187  grad=0.084  lr=7.43e-05
  [43:100/561]  loss=0.17964  grad=0.266  lr=7.27e-05
  [43:150/561]  loss=0.17152  grad=0.401  lr=7.11e-05
  [43:200/561]  loss=0.17861  grad=0.350  lr=6.95e-05
  [43:250/561]  loss=0.17393  grad=0.338  lr=6.79e-05
  [43:300/561]  loss=0.18035  grad=0.314  lr=6.64e-05
  [43:350/561]  loss=0.16732  grad=0.183  lr=6.48e-05
  [43:400/561]  loss=0.18775  grad=0.059  lr=6.33e-05
  [43:450/561]  loss=0.18125  grad=0.105  lr=6.18e-05
  [43:500/561]  loss=0.17634  grad=0.250  lr=6.03e-05
  [43:550/561]  loss=0.17762  grad=0.230  lr=5.88e-05
Epoch 43 — train loss: 0.17721  (196.9s)
Epoch 43 — val   loss: 0.16211
  [44:50/561]  loss=0.17067  grad=0.136  lr=5.71e-05
  [44:100/561]  loss=0.17201  grad=0.130  lr=5.56e-05
  [44:150/561]  loss=0.20616  grad=0.686  lr=5.42e-05
  [44:200/561]  loss=0.17645  grad=0.137  lr=5.28e-05
  [44:250/561]  loss=0.16603  grad=0.136  lr=5.14e-05
  [44:300/561]  loss=0.16227  grad=0.085  lr=5.01e-05
  [44:350/561]  loss=0.16302  grad=0.066  lr=4.87e-05
  [44:400/561]  loss=0.19321  grad=0.155  lr=4.74e-05
  [44:450/561]  loss=0.16435  grad=0.154  lr=4.61e-05
  [44:500/561]  loss=0.17717  grad=0.131  lr=4.48e-05
  [44:550/561]  loss=0.20853  grad=0.427  lr=4.35e-05
Epoch 44 — train loss: 0.17707  (197.0s)
Epoch 44 — val   loss: 0.16242
Early stopping at epoch 44

=======================================================
Loading best checkpoint for testing...
Best checkpoint: epoch=29, val_loss=0.16126

Test results:
  H=  96  MSE=0.15072  MAE=0.24796  RMSE=0.38823

Results saved to /gpfs/scratch/an4462/at6646/ne-time-v2/outputs/netime_ECL_medium_perH_CI_CI_H96_results.json
  H=  96  MSE=0.15072  MAE=0.24796

=======================================================
Per-horizon training: H=192
=======================================================
Loaded ECL: shape=(26304, 321)
Split: train=70% / val=10% / test=20%
Train: 17,885 samples (558 batches)
Val:   2,104 samples (66 batches)
Test:  4,734 samples (148 batches)

Device: cuda
Total parameters: 254,362
  revin                       2
  patch_embed             7,680
  decomposer                  0
  curvatures                  4
  hyp_encoders          125,379
  horizon_enc            25,539
  hyp_decoder            24,961
  temporal_proj          53,904
  out_proj               16,897

Param groups:
  decay         250,368  (wd=0.0001)
  no_decay        3,990  (wd=0)
  curvature           4  (wd=0.001, lr×0.1)

=======================================================
Training: netime_ECL_medium_perH_CI_CI_H192
=======================================================
  [1:50/558]  loss=0.82213  grad=0.103  lr=1.79e-05
  [1:100/558]  loss=0.66183  grad=0.996  lr=3.58e-05
  [1:150/558]  loss=0.42674  grad=0.508  lr=5.38e-05
  [1:200/558]  loss=0.33584  grad=0.226  lr=7.17e-05
  [1:250/558]  loss=0.32840  grad=0.244  lr=8.96e-05
  [1:300/558]  loss=0.31647  grad=0.196  lr=1.08e-04
  [1:350/558]  loss=0.29454  grad=0.266  lr=1.25e-04
  [1:400/558]  loss=0.28336  grad=0.181  lr=1.43e-04
  [1:450/558]  loss=0.24865  grad=0.208  lr=1.61e-04
  [1:500/558]  loss=0.27177  grad=0.562  lr=1.79e-04
  [1:550/558]  loss=0.27180  grad=0.287  lr=1.97e-04
Epoch 1 — train loss: 0.40669  (209.5s)
Epoch 1 — val   loss: 0.23074
  ✓ Saved checkpoint (val_loss=0.23074)
  [2:50/558]  loss=0.24341  grad=0.392  lr=2.18e-04
  [2:100/558]  loss=0.23436  grad=0.235  lr=2.36e-04
  [2:150/558]  loss=0.24657  grad=0.321  lr=2.54e-04
  [2:200/558]  loss=0.23818  grad=0.338  lr=2.72e-04
  [2:250/558]  loss=0.23148  grad=0.232  lr=2.90e-04
  [2:300/558]  loss=0.23325  grad=0.256  lr=3.08e-04
  [2:350/558]  loss=0.24553  grad=0.355  lr=3.25e-04
  [2:400/558]  loss=0.22725  grad=0.448  lr=3.43e-04
  [2:450/558]  loss=0.21392  grad=0.268  lr=3.61e-04
  [2:500/558]  loss=0.23065  grad=0.345  lr=3.79e-04
  [2:550/558]  loss=0.21584  grad=0.307  lr=3.97e-04
Epoch 2 — train loss: 0.24095  (209.6s)
Epoch 2 — val   loss: 0.20526
  ✓ Saved checkpoint (val_loss=0.20526)
  [3:50/558]  loss=0.21230  grad=0.381  lr=4.18e-04
  [3:100/558]  loss=0.22389  grad=0.300  lr=4.36e-04
  [3:150/558]  loss=0.23794  grad=0.306  lr=4.54e-04
  [3:200/558]  loss=0.24054  grad=0.335  lr=4.72e-04
  [3:250/558]  loss=0.21671  grad=0.373  lr=4.90e-04
  [3:300/558]  loss=0.25663  grad=0.388  lr=5.08e-04
  [3:350/558]  loss=0.21242  grad=0.346  lr=5.25e-04
  [3:400/558]  loss=0.21645  grad=0.584  lr=5.43e-04
  [3:450/558]  loss=0.23311  grad=0.327  lr=5.61e-04
  [3:500/558]  loss=0.20485  grad=0.261  lr=5.79e-04
  [3:550/558]  loss=0.22340  grad=0.469  lr=5.97e-04
Epoch 3 — train loss: 0.22572  (216.4s)
Epoch 3 — val   loss: 0.19536
  ✓ Saved checkpoint (val_loss=0.19536)
  [4:50/558]  loss=0.22217  grad=0.442  lr=6.18e-04
  [4:100/558]  loss=0.23017  grad=0.420  lr=6.36e-04
  [4:150/558]  loss=0.24752  grad=0.511  lr=6.54e-04
  [4:200/558]  loss=0.20339  grad=0.273  lr=6.72e-04
  [4:250/558]  loss=0.22042  grad=0.203  lr=6.90e-04
  [4:300/558]  loss=0.19889  grad=0.248  lr=7.08e-04
  [4:350/558]  loss=0.24622  grad=0.476  lr=7.25e-04
  [4:400/558]  loss=0.25112  grad=0.332  lr=7.43e-04
  [4:450/558]  loss=0.21872  grad=0.427  lr=7.61e-04
  [4:500/558]  loss=0.21881  grad=0.277  lr=7.79e-04
  [4:550/558]  loss=0.22864  grad=0.328  lr=7.97e-04
Epoch 4 — train loss: 0.22077  (209.8s)
Epoch 4 — val   loss: 0.19207
  ✓ Saved checkpoint (val_loss=0.19207)
  [5:50/558]  loss=0.22929  grad=0.420  lr=8.18e-04
  [5:100/558]  loss=0.23021  grad=0.233  lr=8.36e-04
  [5:150/558]  loss=0.24154  grad=0.556  lr=8.54e-04
  [5:200/558]  loss=0.20898  grad=0.251  lr=8.72e-04
  [5:250/558]  loss=0.20754  grad=0.414  lr=8.90e-04
  [5:300/558]  loss=0.22408  grad=0.299  lr=9.08e-04
  [5:350/558]  loss=0.19347  grad=0.279  lr=9.25e-04
  [5:400/558]  loss=0.23067  grad=0.329  lr=9.43e-04
  [5:450/558]  loss=0.22152  grad=0.381  lr=9.61e-04
  [5:500/558]  loss=0.26087  grad=0.258  lr=9.79e-04
  [5:550/558]  loss=0.21489  grad=0.197  lr=9.97e-04
Epoch 5 — train loss: 0.21864  (209.7s)
Epoch 5 — val   loss: 0.19142
  ✓ Saved checkpoint (val_loss=0.19142)
  [6:50/558]  loss=0.22622  grad=0.213  lr=1.00e-03
  [6:100/558]  loss=0.21571  grad=0.269  lr=1.00e-03
  [6:150/558]  loss=0.21985  grad=0.378  lr=1.00e-03
  [6:200/558]  loss=0.25236  grad=0.254  lr=1.00e-03
  [6:250/558]  loss=0.21192  grad=0.244  lr=1.00e-03
  [6:300/558]  loss=0.21446  grad=0.239  lr=1.00e-03
  [6:350/558]  loss=0.21988  grad=0.271  lr=1.00e-03
  [6:400/558]  loss=0.21156  grad=0.349  lr=9.99e-04
  [6:450/558]  loss=0.20071  grad=0.513  lr=9.99e-04
  [6:500/558]  loss=0.20440  grad=0.269  lr=9.99e-04
  [6:550/558]  loss=0.20319  grad=0.278  lr=9.99e-04
Epoch 6 — train loss: 0.21594  (209.7s)
Epoch 6 — val   loss: 0.18776
  ✓ Saved checkpoint (val_loss=0.18776)
  [7:50/558]  loss=0.21914  grad=0.275  lr=9.99e-04
  [7:100/558]  loss=0.19671  grad=0.211  lr=9.98e-04
  [7:150/558]  loss=0.20222  grad=0.261  lr=9.98e-04
  [7:200/558]  loss=0.19977  grad=0.297  lr=9.98e-04
  [7:250/558]  loss=0.19806  grad=0.531  lr=9.97e-04
  [7:300/558]  loss=0.20921  grad=0.190  lr=9.97e-04
  [7:350/558]  loss=0.23380  grad=0.329  lr=9.97e-04
  [7:400/558]  loss=0.19531  grad=0.156  lr=9.96e-04
  [7:450/558]  loss=0.20664  grad=0.254  lr=9.96e-04
  [7:500/558]  loss=0.21321  grad=0.213  lr=9.96e-04
  [7:550/558]  loss=0.20625  grad=0.400  lr=9.95e-04
Epoch 7 — train loss: 0.21358  (209.8s)
Epoch 7 — val   loss: 0.18788
  [8:50/558]  loss=0.21610  grad=0.229  lr=9.95e-04
  [8:100/558]  loss=0.19809  grad=0.207  lr=9.94e-04
  [8:150/558]  loss=0.20219  grad=0.265  lr=9.94e-04
  [8:200/558]  loss=0.21185  grad=0.370  lr=9.93e-04
  [8:250/558]  loss=0.22109  grad=0.375  lr=9.93e-04
  [8:300/558]  loss=0.20231  grad=0.205  lr=9.92e-04
  [8:350/558]  loss=0.21122  grad=0.188  lr=9.92e-04
  [8:400/558]  loss=0.20634  grad=0.290  lr=9.91e-04
  [8:450/558]  loss=0.22683  grad=0.536  lr=9.90e-04
  [8:500/558]  loss=0.22159  grad=0.815  lr=9.90e-04
  [8:550/558]  loss=0.21286  grad=0.252  lr=9.89e-04
Epoch 8 — train loss: 0.21146  (209.7s)
Epoch 8 — val   loss: 0.18569
  ✓ Saved checkpoint (val_loss=0.18569)
  [9:50/558]  loss=0.22534  grad=0.344  lr=9.88e-04
  [9:100/558]  loss=0.19585  grad=0.227  lr=9.88e-04
  [9:150/558]  loss=0.19973  grad=0.214  lr=9.87e-04
  [9:200/558]  loss=0.19576  grad=0.343  lr=9.86e-04
  [9:250/558]  loss=0.21669  grad=0.223  lr=9.86e-04
  [9:300/558]  loss=0.20437  grad=0.183  lr=9.85e-04
  [9:350/558]  loss=0.20536  grad=0.152  lr=9.84e-04
  [9:400/558]  loss=0.21144  grad=0.130  lr=9.83e-04
  [9:450/558]  loss=0.22291  grad=0.465  lr=9.82e-04
  [9:500/558]  loss=0.23917  grad=0.371  lr=9.82e-04
  [9:550/558]  loss=0.19058  grad=0.297  lr=9.81e-04
Epoch 9 — train loss: 0.20922  (209.7s)
Epoch 9 — val   loss: 0.18356
  ✓ Saved checkpoint (val_loss=0.18356)
  [10:50/558]  loss=0.19068  grad=0.334  lr=9.80e-04
  [10:100/558]  loss=0.22999  grad=0.255  lr=9.79e-04
  [10:150/558]  loss=0.20644  grad=0.207  lr=9.78e-04
  [10:200/558]  loss=0.21043  grad=0.189  lr=9.77e-04
  [10:250/558]  loss=0.20394  grad=0.344  lr=9.76e-04
  [10:300/558]  loss=0.19880  grad=0.136  lr=9.75e-04
  [10:350/558]  loss=0.19396  grad=0.247  lr=9.74e-04
  [10:400/558]  loss=0.19926  grad=0.136  lr=9.73e-04
  [10:450/558]  loss=0.19973  grad=0.141  lr=9.72e-04
  [10:500/558]  loss=0.19357  grad=0.180  lr=9.71e-04
  [10:550/558]  loss=0.19886  grad=0.499  lr=9.70e-04
Epoch 10 — train loss: 0.20759  (209.8s)
Epoch 10 — val   loss: 0.18446
  [11:50/558]  loss=0.20015  grad=0.162  lr=9.69e-04
  [11:100/558]  loss=0.22748  grad=0.163  lr=9.68e-04
  [11:150/558]  loss=0.19885  grad=0.251  lr=9.67e-04
  [11:200/558]  loss=0.19311  grad=0.179  lr=9.65e-04
  [11:250/558]  loss=0.21382  grad=0.274  lr=9.64e-04
  [11:300/558]  loss=0.20786  grad=0.217  lr=9.63e-04
  [11:350/558]  loss=0.19050  grad=0.154  lr=9.62e-04
  [11:400/558]  loss=0.20022  grad=0.231  lr=9.61e-04
  [11:450/558]  loss=0.23073  grad=0.204  lr=9.59e-04
  [11:500/558]  loss=0.20247  grad=0.351  lr=9.58e-04
  [11:550/558]  loss=0.20711  grad=0.300  lr=9.57e-04
Epoch 11 — train loss: 0.20624  (209.8s)
Epoch 11 — val   loss: 0.17948
  ✓ Saved checkpoint (val_loss=0.17948)
  [12:50/558]  loss=0.18910  grad=0.169  lr=9.55e-04
  [12:100/558]  loss=0.21717  grad=0.132  lr=9.54e-04
  [12:150/558]  loss=0.21077  grad=0.207  lr=9.53e-04
  [12:200/558]  loss=0.21646  grad=0.236  lr=9.52e-04
  [12:250/558]  loss=0.20092  grad=0.339  lr=9.50e-04
  [12:300/558]  loss=0.18335  grad=0.167  lr=9.49e-04
  [12:350/558]  loss=0.17732  grad=0.096  lr=9.47e-04
  [12:400/558]  loss=0.20451  grad=0.172  lr=9.46e-04
  [12:450/558]  loss=0.19907  grad=0.279  lr=9.45e-04
  [12:500/558]  loss=0.19124  grad=0.097  lr=9.43e-04
  [12:550/558]  loss=0.20389  grad=0.325  lr=9.42e-04
Epoch 12 — train loss: 0.20502  (209.7s)
Epoch 12 — val   loss: 0.17776
  ✓ Saved checkpoint (val_loss=0.17776)
  [13:50/558]  loss=0.21306  grad=0.204  lr=9.40e-04
  [13:100/558]  loss=0.23214  grad=0.189  lr=9.39e-04
  [13:150/558]  loss=0.20221  grad=0.138  lr=9.37e-04
  [13:200/558]  loss=0.21756  grad=0.435  lr=9.35e-04
  [13:250/558]  loss=0.22809  grad=0.165  lr=9.34e-04
  [13:300/558]  loss=0.22292  grad=0.180  lr=9.32e-04
  [13:350/558]  loss=0.21978  grad=0.246  lr=9.31e-04
  [13:400/558]  loss=0.21658  grad=0.134  lr=9.29e-04
  [13:450/558]  loss=0.19551  grad=0.497  lr=9.28e-04
  [13:500/558]  loss=0.18016  grad=0.190  lr=9.26e-04
  [13:550/558]  loss=0.20079  grad=0.211  lr=9.24e-04
Epoch 13 — train loss: 0.20424  (227.2s)
Epoch 13 — val   loss: 0.17549
  ✓ Saved checkpoint (val_loss=0.17549)
  [14:50/558]  loss=0.24256  grad=0.133  lr=9.22e-04
  [14:100/558]  loss=0.20293  grad=0.137  lr=9.21e-04
  [14:150/558]  loss=0.18074  grad=0.183  lr=9.19e-04
  [14:200/558]  loss=0.21606  grad=0.436  lr=9.17e-04
  [14:250/558]  loss=0.18590  grad=0.155  lr=9.16e-04
  [14:300/558]  loss=0.19260  grad=0.138  lr=9.14e-04
  [14:350/558]  loss=0.19822  grad=0.170  lr=9.12e-04
  [14:400/558]  loss=0.21351  grad=0.150  lr=9.10e-04
  [14:450/558]  loss=0.20648  grad=0.206  lr=9.08e-04
  [14:500/558]  loss=0.19512  grad=0.154  lr=9.07e-04
  [14:550/558]  loss=0.19394  grad=0.149  lr=9.05e-04
Epoch 14 — train loss: 0.20364  (209.9s)
Epoch 14 — val   loss: 0.17964
  [15:50/558]  loss=0.21243  grad=0.359  lr=9.03e-04
  [15:100/558]  loss=0.19969  grad=0.152  lr=9.01e-04
  [15:150/558]  loss=0.19556  grad=0.157  lr=8.99e-04
  [15:200/558]  loss=0.18886  grad=0.181  lr=8.97e-04
  [15:250/558]  loss=0.19565  grad=0.200  lr=8.95e-04
  [15:300/558]  loss=0.19346  grad=0.118  lr=8.93e-04
  [15:350/558]  loss=0.19747  grad=0.120  lr=8.91e-04
  [15:400/558]  loss=0.20275  grad=0.128  lr=8.89e-04
  [15:450/558]  loss=0.21470  grad=0.101  lr=8.87e-04
  [15:500/558]  loss=0.19891  grad=0.301  lr=8.85e-04
  [15:550/558]  loss=0.20789  grad=0.594  lr=8.83e-04
Epoch 15 — train loss: 0.20267  (209.8s)
Epoch 15 — val   loss: 0.17747
  [16:50/558]  loss=0.19965  grad=0.188  lr=8.81e-04
  [16:100/558]  loss=0.21931  grad=0.290  lr=8.79e-04
  [16:150/558]  loss=0.19329  grad=0.172  lr=8.77e-04
  [16:200/558]  loss=0.19656  grad=0.159  lr=8.75e-04
  [16:250/558]  loss=0.20096  grad=0.203  lr=8.73e-04
  [16:300/558]  loss=0.19285  grad=0.260  lr=8.71e-04
  [16:350/558]  loss=0.20138  grad=0.371  lr=8.69e-04
  [16:400/558]  loss=0.22257  grad=0.371  lr=8.66e-04
  [16:450/558]  loss=0.21037  grad=0.132  lr=8.64e-04
  [16:500/558]  loss=0.20343  grad=0.196  lr=8.62e-04
  [16:550/558]  loss=0.19485  grad=0.238  lr=8.60e-04
Epoch 16 — train loss: 0.20254  (209.7s)
Epoch 16 — val   loss: 0.18038
  [17:50/558]  loss=0.19226  grad=0.264  lr=8.57e-04
  [17:100/558]  loss=0.19040  grad=0.142  lr=8.55e-04
  [17:150/558]  loss=0.20345  grad=0.200  lr=8.53e-04
  [17:200/558]  loss=0.18162  grad=0.317  lr=8.51e-04
  [17:250/558]  loss=0.19904  grad=0.199  lr=8.49e-04
  [17:300/558]  loss=0.19105  grad=0.139  lr=8.46e-04
  [17:350/558]  loss=0.20038  grad=0.282  lr=8.44e-04
  [17:400/558]  loss=0.21585  grad=0.248  lr=8.42e-04
  [17:450/558]  loss=0.22449  grad=0.383  lr=8.40e-04
  [17:500/558]  loss=0.20959  grad=0.219  lr=8.37e-04
  [17:550/558]  loss=0.19952  grad=0.354  lr=8.35e-04
Epoch 17 — train loss: 0.20209  (209.8s)
Epoch 17 — val   loss: 0.17890
  [18:50/558]  loss=0.18917  grad=0.236  lr=8.32e-04
  [18:100/558]  loss=0.21085  grad=0.190  lr=8.30e-04
  [18:150/558]  loss=0.17680  grad=0.218  lr=8.28e-04
  [18:200/558]  loss=0.19106  grad=0.371  lr=8.25e-04
  [18:250/558]  loss=0.20028  grad=0.193  lr=8.23e-04
  [18:300/558]  loss=0.18744  grad=0.153  lr=8.20e-04
  [18:350/558]  loss=0.20362  grad=0.177  lr=8.18e-04
  [18:400/558]  loss=0.20428  grad=0.418  lr=8.16e-04
  [18:450/558]  loss=0.18900  grad=0.179  lr=8.13e-04
  [18:500/558]  loss=0.18391  grad=0.242  lr=8.11e-04
  [18:550/558]  loss=0.20977  grad=0.134  lr=8.08e-04
Epoch 18 — train loss: 0.20151  (209.8s)
Epoch 18 — val   loss: 0.17801
  [19:50/558]  loss=0.21074  grad=0.122  lr=8.05e-04
  [19:100/558]  loss=0.18418  grad=0.175  lr=8.03e-04
  [19:150/558]  loss=0.19685  grad=0.108  lr=8.00e-04
  [19:200/558]  loss=0.18925  grad=0.112  lr=7.98e-04
  [19:250/558]  loss=0.19452  grad=0.184  lr=7.95e-04
  [19:300/558]  loss=0.17890  grad=0.113  lr=7.93e-04
  [19:350/558]  loss=0.19184  grad=0.179  lr=7.90e-04
  [19:400/558]  loss=0.21814  grad=0.166  lr=7.88e-04
  [19:450/558]  loss=0.20220  grad=0.214  lr=7.85e-04
  [19:500/558]  loss=0.18446  grad=0.196  lr=7.83e-04
  [19:550/558]  loss=0.19576  grad=0.434  lr=7.80e-04
Epoch 19 — train loss: 0.20104  (209.7s)
Epoch 19 — val   loss: 0.18214
  [20:50/558]  loss=0.20040  grad=0.131  lr=7.77e-04
  [20:100/558]  loss=0.20067  grad=0.219  lr=7.74e-04
  [20:150/558]  loss=0.18775  grad=0.195  lr=7.72e-04
  [20:200/558]  loss=0.21393  grad=0.202  lr=7.69e-04
  [20:250/558]  loss=0.19975  grad=0.117  lr=7.66e-04
  [20:300/558]  loss=0.20760  grad=0.090  lr=7.64e-04
  [20:350/558]  loss=0.20890  grad=0.112  lr=7.61e-04
  [20:400/558]  loss=0.20948  grad=0.162  lr=7.59e-04
  [20:450/558]  loss=0.18712  grad=0.166  lr=7.56e-04
  [20:500/558]  loss=0.23246  grad=0.468  lr=7.53e-04
  [20:550/558]  loss=0.19542  grad=0.091  lr=7.50e-04
Epoch 20 — train loss: 0.20057  (209.8s)
Epoch 20 — val   loss: 0.17554
  [21:50/558]  loss=0.19366  grad=0.275  lr=7.47e-04
  [21:100/558]  loss=0.20825  grad=0.191  lr=7.45e-04
  [21:150/558]  loss=0.19720  grad=0.141  lr=7.42e-04
  [21:200/558]  loss=0.19246  grad=0.181  lr=7.39e-04
  [21:250/558]  loss=0.19280  grad=0.281  lr=7.36e-04
  [21:300/558]  loss=0.20989  grad=0.377  lr=7.34e-04
  [21:350/558]  loss=0.21618  grad=0.262  lr=7.31e-04
  [21:400/558]  loss=0.19102  grad=0.204  lr=7.28e-04
  [21:450/558]  loss=0.19280  grad=0.139  lr=7.25e-04
  [21:500/558]  loss=0.17705  grad=0.279  lr=7.22e-04
  [21:550/558]  loss=0.20314  grad=0.265  lr=7.20e-04
Epoch 21 — train loss: 0.20037  (209.9s)
Epoch 21 — val   loss: 0.17602
  [22:50/558]  loss=0.19931  grad=0.395  lr=7.16e-04
  [22:100/558]  loss=0.18856  grad=0.083  lr=7.14e-04
  [22:150/558]  loss=0.19155  grad=0.213  lr=7.11e-04
  [22:200/558]  loss=0.18364  grad=0.139  lr=7.08e-04
  [22:250/558]  loss=0.19940  grad=0.190  lr=7.05e-04
  [22:300/558]  loss=0.18467  grad=0.139  lr=7.02e-04
  [22:350/558]  loss=0.21662  grad=0.210  lr=6.99e-04
  [22:400/558]  loss=0.19581  grad=0.168  lr=6.96e-04
  [22:450/558]  loss=0.20288  grad=0.217  lr=6.94e-04
  [22:500/558]  loss=0.18986  grad=0.150  lr=6.91e-04
  [22:550/558]  loss=0.22668  grad=0.115  lr=6.88e-04
Epoch 22 — train loss: 0.19965  (209.8s)
Epoch 22 — val   loss: 0.17586
  [23:50/558]  loss=0.20153  grad=0.185  lr=6.84e-04
  [23:100/558]  loss=0.20567  grad=0.231  lr=6.81e-04
  [23:150/558]  loss=0.20705  grad=0.141  lr=6.79e-04
  [23:200/558]  loss=0.21344  grad=0.166  lr=6.76e-04
  [23:250/558]  loss=0.18296  grad=0.087  lr=6.73e-04
  [23:300/558]  loss=0.18732  grad=0.214  lr=6.70e-04
  [23:350/558]  loss=0.18893  grad=0.194  lr=6.67e-04
  [23:400/558]  loss=0.19759  grad=0.178  lr=6.64e-04
  [23:450/558]  loss=0.18106  grad=0.215  lr=6.61e-04
  [23:500/558]  loss=0.21511  grad=0.156  lr=6.58e-04
  [23:550/558]  loss=0.19379  grad=0.263  lr=6.55e-04
Epoch 23 — train loss: 0.19951  (209.7s)
Epoch 23 — val   loss: 0.17598
  [24:50/558]  loss=0.20833  grad=0.225  lr=6.52e-04
  [24:100/558]  loss=0.21233  grad=0.130  lr=6.49e-04
  [24:150/558]  loss=0.19563  grad=0.134  lr=6.46e-04
  [24:200/558]  loss=0.21590  grad=0.341  lr=6.43e-04
  [24:250/558]  loss=0.20092  grad=0.131  lr=6.40e-04
  [24:300/558]  loss=0.20599  grad=0.131  lr=6.37e-04
  [24:350/558]  loss=0.20266  grad=0.110  lr=6.34e-04
  [24:400/558]  loss=0.22895  grad=0.345  lr=6.31e-04
  [24:450/558]  loss=0.20830  grad=0.246  lr=6.28e-04
  [24:500/558]  loss=0.18348  grad=0.142  lr=6.24e-04
  [24:550/558]  loss=0.21995  grad=0.208  lr=6.21e-04
Epoch 24 — train loss: 0.19925  (209.9s)
Epoch 24 — val   loss: 0.17477
  ✓ Saved checkpoint (val_loss=0.17477)
